Archive member included to satisfy reference by file (symbol)

C:/Users/BaoThuan/STM32CubeIDE_1.12.1/STM32CubeIDE/plugins/com.st.stm32cube.ide.mcu.externaltools.gnu-tools-for-stm32.12.3.rel1.win32_1.0.100.202403111256/tools/bin/../lib/gcc/arm-none-eabi/12.3.1/../../../../arm-none-eabi/lib/thumb/v7e-m+fp/hard\libc_nano.a(libc_a-exit.o)
                              C:/Users/BaoThuan/STM32CubeIDE_1.12.1/STM32CubeIDE/plugins/com.st.stm32cube.ide.mcu.externaltools.gnu-tools-for-stm32.12.3.rel1.win32_1.0.100.202403111256/tools/bin/../lib/gcc/arm-none-eabi/12.3.1/../../../../arm-none-eabi/lib/thumb/v7e-m+fp/hard/crt0.o (exit)
C:/Users/BaoThuan/STM32CubeIDE_1.12.1/STM32CubeIDE/plugins/com.st.stm32cube.ide.mcu.externaltools.gnu-tools-for-stm32.12.3.rel1.win32_1.0.100.202403111256/tools/bin/../lib/gcc/arm-none-eabi/12.3.1/../../../../arm-none-eabi/lib/thumb/v7e-m+fp/hard\libc_nano.a(libc_a-findfp.o)
                              C:/Users/BaoThuan/STM32CubeIDE_1.12.1/STM32CubeIDE/plugins/com.st.stm32cube.ide.mcu.externaltools.gnu-tools-for-stm32.12.3.rel1.win32_1.0.100.202403111256/tools/bin/../lib/gcc/arm-none-eabi/12.3.1/../../../../arm-none-eabi/lib/thumb/v7e-m+fp/hard\libc_nano.a(libc_a-exit.o) (__stdio_exit_handler)
C:/Users/BaoThuan/STM32CubeIDE_1.12.1/STM32CubeIDE/plugins/com.st.stm32cube.ide.mcu.externaltools.gnu-tools-for-stm32.12.3.rel1.win32_1.0.100.202403111256/tools/bin/../lib/gcc/arm-none-eabi/12.3.1/../../../../arm-none-eabi/lib/thumb/v7e-m+fp/hard\libc_nano.a(libc_a-fwalk.o)
                              C:/Users/BaoThuan/STM32CubeIDE_1.12.1/STM32CubeIDE/plugins/com.st.stm32cube.ide.mcu.externaltools.gnu-tools-for-stm32.12.3.rel1.win32_1.0.100.202403111256/tools/bin/../lib/gcc/arm-none-eabi/12.3.1/../../../../arm-none-eabi/lib/thumb/v7e-m+fp/hard\libc_nano.a(libc_a-findfp.o) (_fwalk_sglue)
C:/Users/BaoThuan/STM32CubeIDE_1.12.1/STM32CubeIDE/plugins/com.st.stm32cube.ide.mcu.externaltools.gnu-tools-for-stm32.12.3.rel1.win32_1.0.100.202403111256/tools/bin/../lib/gcc/arm-none-eabi/12.3.1/../../../../arm-none-eabi/lib/thumb/v7e-m+fp/hard\libc_nano.a(libc_a-stdio.o)
                              C:/Users/BaoThuan/STM32CubeIDE_1.12.1/STM32CubeIDE/plugins/com.st.stm32cube.ide.mcu.externaltools.gnu-tools-for-stm32.12.3.rel1.win32_1.0.100.202403111256/tools/bin/../lib/gcc/arm-none-eabi/12.3.1/../../../../arm-none-eabi/lib/thumb/v7e-m+fp/hard\libc_nano.a(libc_a-findfp.o) (__sread)
C:/Users/BaoThuan/STM32CubeIDE_1.12.1/STM32CubeIDE/plugins/com.st.stm32cube.ide.mcu.externaltools.gnu-tools-for-stm32.12.3.rel1.win32_1.0.100.202403111256/tools/bin/../lib/gcc/arm-none-eabi/12.3.1/../../../../arm-none-eabi/lib/thumb/v7e-m+fp/hard\libc_nano.a(libc_a-memset.o)
                              C:/Users/BaoThuan/STM32CubeIDE_1.12.1/STM32CubeIDE/plugins/com.st.stm32cube.ide.mcu.externaltools.gnu-tools-for-stm32.12.3.rel1.win32_1.0.100.202403111256/tools/bin/../lib/gcc/arm-none-eabi/12.3.1/../../../../arm-none-eabi/lib/thumb/v7e-m+fp/hard/crt0.o (memset)
C:/Users/BaoThuan/STM32CubeIDE_1.12.1/STM32CubeIDE/plugins/com.st.stm32cube.ide.mcu.externaltools.gnu-tools-for-stm32.12.3.rel1.win32_1.0.100.202403111256/tools/bin/../lib/gcc/arm-none-eabi/12.3.1/../../../../arm-none-eabi/lib/thumb/v7e-m+fp/hard\libc_nano.a(libc_a-closer.o)
                              C:/Users/BaoThuan/STM32CubeIDE_1.12.1/STM32CubeIDE/plugins/com.st.stm32cube.ide.mcu.externaltools.gnu-tools-for-stm32.12.3.rel1.win32_1.0.100.202403111256/tools/bin/../lib/gcc/arm-none-eabi/12.3.1/../../../../arm-none-eabi/lib/thumb/v7e-m+fp/hard\libc_nano.a(libc_a-stdio.o) (_close_r)
C:/Users/BaoThuan/STM32CubeIDE_1.12.1/STM32CubeIDE/plugins/com.st.stm32cube.ide.mcu.externaltools.gnu-tools-for-stm32.12.3.rel1.win32_1.0.100.202403111256/tools/bin/../lib/gcc/arm-none-eabi/12.3.1/../../../../arm-none-eabi/lib/thumb/v7e-m+fp/hard\libc_nano.a(libc_a-reent.o)
                              C:/Users/BaoThuan/STM32CubeIDE_1.12.1/STM32CubeIDE/plugins/com.st.stm32cube.ide.mcu.externaltools.gnu-tools-for-stm32.12.3.rel1.win32_1.0.100.202403111256/tools/bin/../lib/gcc/arm-none-eabi/12.3.1/../../../../arm-none-eabi/lib/thumb/v7e-m+fp/hard\libc_nano.a(libc_a-closer.o) (errno)
C:/Users/BaoThuan/STM32CubeIDE_1.12.1/STM32CubeIDE/plugins/com.st.stm32cube.ide.mcu.externaltools.gnu-tools-for-stm32.12.3.rel1.win32_1.0.100.202403111256/tools/bin/../lib/gcc/arm-none-eabi/12.3.1/../../../../arm-none-eabi/lib/thumb/v7e-m+fp/hard\libc_nano.a(libc_a-impure.o)
                              C:/Users/BaoThuan/STM32CubeIDE_1.12.1/STM32CubeIDE/plugins/com.st.stm32cube.ide.mcu.externaltools.gnu-tools-for-stm32.12.3.rel1.win32_1.0.100.202403111256/tools/bin/../lib/gcc/arm-none-eabi/12.3.1/../../../../arm-none-eabi/lib/thumb/v7e-m+fp/hard\libc_nano.a(libc_a-reent.o) (_impure_ptr)
[...]
Memory Configuration

Name             Origin             Length             Attributes
CCMRAM           0x10000000         0x00002000         xrw
RAM              0x20000000         0x00008000         xrw
FLASH            0x08000000         0x00020000         xr
*default*        0x00000000         0xffffffff

Linker script and memory map

LOAD C:/Users/BaoThuan/STM32CubeIDE_1.12.1/STM32CubeIDE/plugins/com.st.stm32cube.ide.mcu.externaltools.gnu-tools-for-stm32.12.3.rel1.win32_1.0.100.202403111256/tools/bin/../lib/gcc/arm-none-eabi/12.3.1/thumb/v7e-m+fp/hard/crti.o
LOAD C:/Users/BaoThuan/STM32CubeIDE_1.12.1/STM32CubeIDE/plugins/com.st.stm32cube.ide.mcu.externaltools.gnu-tools-for-stm32.12.3.rel1.win32_1.0.100.202403111256/tools/bin/../lib/gcc/arm-none-eabi/12.3.1/thumb/v7e-m+fp/hard/crtbegin.o
LOAD C:/Users/BaoThuan/STM32CubeIDE_1.12.1/STM32CubeIDE/plugins/com.st.stm32cube.ide.mcu.externaltools.gnu-tools-for-stm32.12.3.rel1.win32_1.0.100.202403111256/tools/bin/../lib/gcc/arm-none-eabi/12.3.1/../../../../arm-none-eabi/lib/thumb/v7e-m+fp/hard/crt0.o
LOAD ./0_app/0_strPrc.o
LOAD ./0_app/task_GPIO.o
LOAD ./0_app/task_can.o
LOAD ./0_app/task_enc.o
LOAD ./0_app/task_motorCtr.o
LOAD ./0_app/task_pid.o
LOAD ./0_app/task_reLog.o
LOAD ./1_driver_SmartPID_V3/lib_encoder.o
LOAD ./1_driver_SmartPID_V3/motor_control.o
LOAD ./1_driver_SmartPID_V3/moving_average_int_16.o
LOAD ./1_driver_SmartPID_V3/pid.o
LOAD ./Core/Src/can.o
LOAD ./Core/Src/freertos.o
LOAD ./Core/Src/gpio.o
LOAD ./Core/Src/main.o
LOAD ./Core/Src/stm32f3xx_hal_msp.o
LOAD ./Core/Src/stm32f3xx_hal_timebase_tim.o
LOAD ./Core/Src/stm32f3xx_it.o
LOAD ./Core/Src/syscalls.o
LOAD ./Core/Src/sysmem.o
LOAD ./Core/Src/system_stm32f3xx.o
LOAD ./Core/Src/tim.o
LOAD ./Core/Startup/startup_stm32f303cbtx.o
LOAD ./Drivers/STM32F3xx_HAL_Driver/Src/stm32f3xx_hal.o
LOAD ./Drivers/STM32F3xx_HAL_Driver/Src/stm32f3xx_hal_can.o
LOAD ./Drivers/STM32F3xx_HAL_Driver/Src/stm32f3xx_hal_cortex.o
LOAD ./Drivers/STM32F3xx_HAL_Driver/Src/stm32f3xx_hal_dma.o
LOAD ./Drivers/STM32F3xx_HAL_Driver/Src/stm32f3xx_hal_exti.o
LOAD ./Drivers/STM32F3xx_HAL_Driver/Src/stm32f3xx_hal_flash.o
LOAD ./Drivers/STM32F3xx_HAL_Driver/Src/stm32f3xx_hal_flash_ex.o
LOAD ./Drivers/STM32F3xx_HAL_Driver/Src/stm32f3xx_hal_gpio.o
LOAD ./Drivers/STM32F3xx_HAL_Driver/Src/stm32f3xx_hal_i2c.o
LOAD ./Drivers/STM32F3xx_HAL_Driver/Src/stm32f3xx_hal_i2c_ex.o
LOAD ./Drivers/STM32F3xx_HAL_Driver/Src/stm32f3xx_hal_pwr.o
LOAD ./Drivers/STM32F3xx_HAL_Driver/Src/stm32f3xx_hal_pwr_ex.o
LOAD ./Drivers/STM32F3xx_HAL_Driver/Src/stm32f3xx_hal_rcc.o
LOAD ./Drivers/STM32F3xx_HAL_Driver/Src/stm32f3xx_hal_rcc_ex.o
LOAD ./Drivers/STM32F3xx_HAL_Driver/Src/stm32f3xx_hal_tim.o
LOAD ./Drivers/STM32F3xx_HAL_Driver/Src/stm32f3xx_hal_tim_ex.o
LOAD ./Middlewares/Third_Party/FreeRTOS/Source/CMSIS_RTOS_V2/cmsis_os2.o
LOAD ./Middlewares/Third_Party/FreeRTOS/Source/croutine.o
LOAD ./Middlewares/Third_Party/FreeRTOS/Source/event_groups.o
LOAD ./Middlewares/Third_Party/FreeRTOS/Source/list.o
LOAD ./Middlewares/Third_Party/FreeRTOS/Source/queue.o
LOAD ./Middlewares/Third_Party/FreeRTOS/Source/stream_buffer.o
LOAD ./Middlewares/Third_Party/FreeRTOS/Source/tasks.o
LOAD ./Middlewares/Third_Party/FreeRTOS/Source/timers.o
LOAD ./Middlewares/Third_Party/FreeRTOS/Source/portable/GCC/ARM_CM4F/port.o
LOAD ./Middlewares/Third_Party/FreeRTOS/Source/portable/MemMang/heap_4.o
START GROUP
LOAD C:/Users/BaoThuan/STM32CubeIDE_1.12.1/STM32CubeIDE/plugins/com.st.stm32cube.ide.mcu.externaltools.gnu-tools-for-stm32.12.3.rel1.win32_1.0.100.202403111256/tools/bin/../lib/gcc/arm-none-eabi/12.3.1/../../../../arm-none-eabi/lib/thumb/v7e-m+fp/hard\libc_nano.a
LOAD C:/Users/BaoThuan/STM32CubeIDE_1.12.1/STM32CubeIDE/plugins/com.st.stm32cube.ide.mcu.externaltools.gnu-tools-for-stm32.12.3.rel1.win32_1.0.100.202403111256/tools/bin/../lib/gcc/arm-none-eabi/12.3.1/../../../../arm-none-eabi/lib/thumb/v7e-m+fp/hard\libm.a
END GROUP
START GROUP
LOAD C:/Users/BaoThuan/STM32CubeIDE_1.12.1/STM32CubeIDE/plugins/com.st.stm32cube.ide.mcu.externaltools.gnu-tools-for-stm32.12.3.rel1.win32_1.0.100.202403111256/tools/bin/../lib/gcc/arm-none-eabi/12.3.1/thumb/v7e-m+fp/hard\libgcc.a
LOAD C:/Users/BaoThuan/STM32CubeIDE_1.12.1/STM32CubeIDE/plugins/com.st.stm32cube.ide.mcu.externaltools.gnu-tools-for-stm32.12.3.rel1.win32_1.0.100.202403111256/tools/bin/../lib/gcc/arm-none-eabi/12.3.1/../../../../arm-none-eabi/lib/thumb/v7e-m+fp/hard\libc_nano.a
END GROUP
START GROUP
LOAD C:/Users/BaoThuan/STM32CubeIDE_1.12.1/STM32CubeIDE/plugins/com.st.stm32cube.ide.mcu.externaltools.gnu-tools-for-stm32.12.3.rel1.win32_1.0.100.202403111256/tools/bin/../lib/gcc/arm-none-eabi/12.3.1/thumb/v7e-m+fp/hard\libgcc.a
LOAD C:/Users/BaoThuan/STM32CubeIDE_1.12.1/STM32CubeIDE/plugins/com.st.stm32cube.ide.mcu.externaltools.gnu-tools-for-stm32.12.3.rel1.win32_1.0.100.202403111256/tools/bin/../lib/gcc/arm-none-eabi/12.3.1/../../../../arm-none-eabi/lib/thumb/v7e-m+fp/hard\libc_nano.a
LOAD C:/Users/BaoThuan/STM32CubeIDE_1.12.1/STM32CubeIDE/plugins/com.st.stm32cube.ide.mcu.externaltools.gnu-tools-for-stm32.12.3.rel1.win32_1.0.100.202403111256/tools/bin/../lib/gcc/arm-none-eabi/12.3.1/../../../../arm-none-eabi/lib/thumb/v7e-m+fp/hard\libnosys.a
END GROUP
START GROUP
LOAD C:/Users/BaoThuan/STM32CubeIDE_1.12.1/STM32CubeIDE/plugins/com.st.stm32cube.ide.mcu.externaltools.gnu-tools-for-stm32.12.3.rel1.win32_1.0.100.202403111256/tools/bin/../lib/gcc/arm-none-eabi/12.3.1/thumb/v7e-m+fp/hard\libgcc.a
LOAD C:/Users/BaoThuan/STM32CubeIDE_1.12.1/STM32CubeIDE/plugins/com.st.stm32cube.ide.mcu.externaltools.gnu-tools-for-stm32.12.3.rel1.win32_1.0.100.202403111256/tools/bin/../lib/gcc/arm-none-eabi/12.3.1/../../../../arm-none-eabi/lib/thumb/v7e-m+fp/hard\libc_nano.a
LOAD C:/Users/BaoThuan/STM32CubeIDE_1.12.1/STM32CubeIDE/plugins/com.st.stm32cube.ide.mcu.externaltools.gnu-tools-for-stm32.12.3.rel1.win32_1.0.100.202403111256/tools/bin/../lib/gcc/arm-none-eabi/12.3.1/../../../../arm-none-eabi/lib/thumb/v7e-m+fp/hard\libnosys.a
END GROUP
LOAD C:/Users/BaoThuan/STM32CubeIDE_1.12.1/STM32CubeIDE/plugins/com.st.stm32cube.ide.mcu.externaltools.gnu-tools-for-stm32.12.3.rel1.win32_1.0.100.202403111256/tools/bin/../lib/gcc/arm-none-eabi/12.3.1/thumb/v7e-m+fp/hard/crtend.o
LOAD C:/Users/BaoThuan/STM32CubeIDE_1.12.1/STM32CubeIDE/plugins/com.st.stm32cube.ide.mcu.externaltools.gnu-tools-for-stm32.12.3.rel1.win32_1.0.100.202403111256/tools/bin/../lib/gcc/arm-none-eabi/12.3.1/thumb/v7e-m+fp/hard/crtn.o
                0x20008000                        _estack = (ORIGIN (RAM) + LENGTH (RAM))
                0x00000200                        _Min_Heap_Size = 0x200
                0x00000400                        _Min_Stack_Size = 0x400

.isr_vector     0x08000000      0x188
                0x08000000                        . = ALIGN (0x4)
 *(.isr_vector)
 .isr_vector    0x08000000      0x188 ./Core/Startup/startup_stm32f303cbtx.o
                0x08000000                g_pfnVectors
                0x08000188                        . = ALIGN (0x4)

.text           0x08000190     0x85a8
                0x08000190                        . = ALIGN (0x4)
 *(.text)
 .text          0x08000190       0x40 C:/Users/BaoThuan/STM32CubeIDE_1.12.1/STM32CubeIDE/plugins/com.st.stm32cube.ide.mcu.externaltools.gnu-tools-for-stm32.12.3.rel1.win32_1.0.100.202403111256/tools/bin/../lib/gcc/arm-none-eabi/12.3.1/thumb/v7e-m+fp/hard/crtbegin.o
 *(.text*)
 .text.BtnDebouce_Prc
                0x080001d0       0xb4 ./0_app/task_GPIO.o
                0x080001d0                BtnDebouce_Prc
 .text.LED_Processor
                0x08000284      0x1c8 ./0_app/task_GPIO.o
                0x08000284                LED_Processor
 .text.CANPrs_Process
                0x0800044c       0x12 ./0_app/task_can.o
                0x0800044c                CANPrs_Process
 *fill*         0x0800045e        0x2 
 .text.EncoderProcessor
                0x08000460      0x100 ./0_app/task_enc.o
                0x08000460                EncoderProcessor
 .text.RobotCtr_Processor
                0x08000560      0x18c ./0_app/task_motorCtr.o
                0x08000560                RobotCtr_Processor
 .text.PIDCtr_Processor
                0x080006ec      0x1dc ./0_app/task_pid.o
                0x080006ec                PIDCtr_Processor
 .text.ReLog_prs
                0x080008c8       0x18 ./0_app/task_reLog.o
                0x080008c8                ReLog_prs
 .text.ENC_Init
                0x080008e0       0x2c ./1_driver_SmartPID_V3/lib_encoder.o
                0x080008e0                ENC_Init
 .text.ENCM_Handl
                0x0800090c       0x94 ./1_driver_SmartPID_V3/lib_encoder.o
                0x0800090c                ENCM_Handl
 .text.update_encoder
                0x080009a0      0x108 ./1_driver_SmartPID_V3/lib_encoder.o
 .text.calculator_enc_rpm
                0x08000aa8       0x3e ./1_driver_SmartPID_V3/lib_encoder.o
 .text.MOTOR_Contr_Init
                0x08000ae6       0x44 ./1_driver_SmartPID_V3/motor_control.o
                0x08000ae6                MOTOR_Contr_Init
 *fill*         0x08000b2a        0x2 
 .text.MOTOR_rotation
                0x08000b2c      0x218 ./1_driver_SmartPID_V3/motor_control.o
                0x08000b2c                MOTOR_rotation
 .text.Average_filter_reset
                0x08000d44       0x44 ./1_driver_SmartPID_V3/moving_average_int_16.o
                0x08000d44                Average_filter_reset
 .text.Average_filter_apply
                0x08000d88       0x80 ./1_driver_SmartPID_V3/moving_average_int_16.o
                0x08000d88                Average_filter_apply
 .text.set_pid_gain
                0x08000e08       0xd2 ./1_driver_SmartPID_V3/pid.o
                0x08000e08                set_pid_gain
 .text.PID_updateComp
                0x08000eda       0x86 ./1_driver_SmartPID_V3/pid.o
                0x08000eda                PID_updateComp
 .text.PID_ctrlInit
                0x08000f60       0x42 ./1_driver_SmartPID_V3/pid.o
                0x08000f60                PID_ctrlInit
 *fill*         0x08000fa2        0x2 
 .text.PID_compute_ctrl_action
                0x08000fa4      0x154 ./1_driver_SmartPID_V3/pid.o
                0x08000fa4                PID_compute_ctrl_action
 .text.MX_CAN_Init
                0x080010f8       0x68 ./Core/Src/can.o
                0x080010f8                MX_CAN_Init
 .text.HAL_CAN_MspInit
                0x08001160       0x88 ./Core/Src/can.o
                0x08001160                HAL_CAN_MspInit
 .text.MX_FREERTOS_Init
                0x080011e8      0x140 ./Core/Src/freertos.o
                0x080011e8                MX_FREERTOS_Init
 .text.MX_GPIO_Init
                0x08001328      0x10c ./Core/Src/gpio.o
                0x08001328                MX_GPIO_Init
 .text.HAL_GPIO_EXTI_Callback
                0x08001434       0xb8 ./Core/Src/main.o
                0x08001434                HAL_GPIO_EXTI_Callback
 .text.main     0x080014ec       0x30 ./Core/Src/main.o
                0x080014ec                main
 .text.SystemClock_Config
                0x0800151c       0x8a ./Core/Src/main.o
                0x0800151c                SystemClock_Config
 *fill*         0x080015a6        0x2 
 .text.HAL_TIM_PeriodElapsedCallback
                0x080015a8       0x24 ./Core/Src/main.o
                0x080015a8                HAL_TIM_PeriodElapsedCallback
 .text.Error_Handler
                0x080015cc        0xc ./Core/Src/main.o
                0x080015cc                Error_Handler
 .text.HAL_MspInit
                0x080015d8       0x50 ./Core/Src/stm32f3xx_hal_msp.o
                0x080015d8                HAL_MspInit
 .text.HAL_InitTick
                0x08001628       0xe0 ./Core/Src/stm32f3xx_hal_timebase_tim.o
                0x08001628                HAL_InitTick
 .text.NMI_Handler
                0x08001708        0x8 ./Core/Src/stm32f3xx_it.o
                0x08001708                NMI_Handler
 .text.HardFault_Handler
                0x08001710        0x8 ./Core/Src/stm32f3xx_it.o
                0x08001710                HardFault_Handler
 .text.MemManage_Handler
                0x08001718        0x8 ./Core/Src/stm32f3xx_it.o
                0x08001718                MemManage_Handler
 .text.BusFault_Handler
                0x08001720        0x8 ./Core/Src/stm32f3xx_it.o
                0x08001720                BusFault_Handler
 .text.UsageFault_Handler
                0x08001728        0x8 ./Core/Src/stm32f3xx_it.o
                0x08001728                UsageFault_Handler
 .text.DebugMon_Handler
                0x08001730        0xe ./Core/Src/stm32f3xx_it.o
                0x08001730                DebugMon_Handler
 *fill*         0x0800173e        0x2 
 .text.TIM1_TRG_COM_TIM17_IRQHandler
                0x08001740       0x14 ./Core/Src/stm32f3xx_it.o
                0x08001740                TIM1_TRG_COM_TIM17_IRQHandler
 .text.EXTI15_10_IRQHandler
                0x08001754       0x20 ./Core/Src/stm32f3xx_it.o
                0x08001754                EXTI15_10_IRQHandler
 .text.SystemInit
                0x08001774       0x24 ./Core/Src/system_stm32f3xx.o
                0x08001774                SystemInit
 .text.MX_TIM2_Init
                0x08001798       0xa8 ./Core/Src/tim.o
                0x08001798                MX_TIM2_Init
 .text.MX_TIM3_Init
                0x08001840       0xac ./Core/Src/tim.o
                0x08001840                MX_TIM3_Init
 .text.MX_TIM4_Init
                0x080018ec      0x104 ./Core/Src/tim.o
                0x080018ec                MX_TIM4_Init
 .text.HAL_TIM_Encoder_MspInit
                0x080019f0       0xe4 ./Core/Src/tim.o
                0x080019f0                HAL_TIM_Encoder_MspInit
 .text.HAL_TIM_Base_MspInit
                0x08001ad4       0x40 ./Core/Src/tim.o
                0x08001ad4                HAL_TIM_Base_MspInit
 .text.HAL_TIM_MspPostInit
                0x08001b14       0x70 ./Core/Src/tim.o
                0x08001b14                HAL_TIM_MspPostInit
 .text.Reset_Handler
                0x08001b84       0x50 ./Core/Startup/startup_stm32f303cbtx.o
                0x08001b84                Reset_Handler
 .text.Default_Handler
                0x08001bd4        0x2 ./Core/Startup/startup_stm32f303cbtx.o
                0x08001bd4                RTC_Alarm_IRQHandler
                0x08001bd4                TIM8_TRG_COM_IRQHandler
                0x08001bd4                TIM8_CC_IRQHandler
                0x08001bd4                TIM1_CC_IRQHandler
                0x08001bd4                USB_HP_IRQHandler
                0x08001bd4                PVD_IRQHandler
                0x08001bd4                TAMP_STAMP_IRQHandler
                0x08001bd4                EXTI3_IRQHandler
                0x08001bd4                USB_HP_CAN_TX_IRQHandler
                0x08001bd4                EXTI0_IRQHandler
                0x08001bd4                I2C2_EV_IRQHandler
                0x08001bd4                FPU_IRQHandler
                0x08001bd4                TIM1_UP_TIM16_IRQHandler
                0x08001bd4                ADC1_2_IRQHandler
                0x08001bd4                SPI1_IRQHandler
                0x08001bd4                CAN_SCE_IRQHandler
                0x08001bd4                TIM6_DAC_IRQHandler
                0x08001bd4                TIM8_UP_IRQHandler
                0x08001bd4                DMA2_Channel2_IRQHandler
                0x08001bd4                DMA1_Channel4_IRQHandler
                0x08001bd4                USART3_IRQHandler
                0x08001bd4                DMA1_Channel7_IRQHandler
                0x08001bd4                UART5_IRQHandler
                0x08001bd4                ADC3_IRQHandler
                0x08001bd4                TIM4_IRQHandler
                0x08001bd4                CAN_RX1_IRQHandler
                0x08001bd4                DMA2_Channel1_IRQHandler
                0x08001bd4                I2C1_EV_IRQHandler
                0x08001bd4                DMA1_Channel6_IRQHandler
                0x08001bd4                UART4_IRQHandler
                0x08001bd4                DMA2_Channel4_IRQHandler
                0x08001bd4                TIM3_IRQHandler
                0x08001bd4                RCC_IRQHandler
                0x08001bd4                DMA1_Channel1_IRQHandler
                0x08001bd4                Default_Handler
                0x08001bd4                USBWakeUp_RMP_IRQHandler
                0x08001bd4                TIM7_IRQHandler
                0x08001bd4                EXTI9_5_IRQHandler
                0x08001bd4                RTC_WKUP_IRQHandler
                0x08001bd4                SPI2_IRQHandler
                0x08001bd4                USB_LP_CAN_RX0_IRQHandler
                0x08001bd4                DMA2_Channel5_IRQHandler
                0x08001bd4                DMA1_Channel5_IRQHandler
                0x08001bd4                USB_LP_IRQHandler
                0x08001bd4                EXTI4_IRQHandler
                0x08001bd4                DMA1_Channel3_IRQHandler
                0x08001bd4                ADC4_IRQHandler
                0x08001bd4                WWDG_IRQHandler
                0x08001bd4                TIM2_IRQHandler
                0x08001bd4                COMP7_IRQHandler
                0x08001bd4                COMP1_2_3_IRQHandler
                0x08001bd4                EXTI1_IRQHandler
                0x08001bd4                USART2_IRQHandler
                0x08001bd4                COMP4_5_6_IRQHandler
                0x08001bd4                I2C2_ER_IRQHandler
                0x08001bd4                DMA1_Channel2_IRQHandler
                0x08001bd4                TIM8_BRK_IRQHandler
                0x08001bd4                FLASH_IRQHandler
                0x08001bd4                USART1_IRQHandler
                0x08001bd4                SPI3_IRQHandler
                0x08001bd4                I2C1_ER_IRQHandler
                0x08001bd4                USBWakeUp_IRQHandler
                0x08001bd4                DMA2_Channel3_IRQHandler
                0x08001bd4                EXTI2_TSC_IRQHandler
                0x08001bd4                TIM1_BRK_TIM15_IRQHandler
 *fill*         0x08001bd6        0x2 
 .text.HAL_Init
                0x08001bd8       0x2c ./Drivers/STM32F3xx_HAL_Driver/Src/stm32f3xx_hal.o
                0x08001bd8                HAL_Init
 .text.HAL_IncTick
                0x08001c04       0x28 ./Drivers/STM32F3xx_HAL_Driver/Src/stm32f3xx_hal.o
                0x08001c04                HAL_IncTick
 .text.HAL_GetTick
                0x08001c2c       0x18 ./Drivers/STM32F3xx_HAL_Driver/Src/stm32f3xx_hal.o
                0x08001c2c                HAL_GetTick
 .text.HAL_CAN_Init
                0x08001c44      0x1f6 ./Drivers/STM32F3xx_HAL_Driver/Src/stm32f3xx_hal_can.o
                0x08001c44                HAL_CAN_Init
 *fill*         0x08001e3a        0x2 
 .text.__NVIC_SetPriorityGrouping
                0x08001e3c       0x48 ./Drivers/STM32F3xx_HAL_Driver/Src/stm32f3xx_hal_cortex.o
 .text.__NVIC_GetPriorityGrouping
                0x08001e84       0x1c ./Drivers/STM32F3xx_HAL_Driver/Src/stm32f3xx_hal_cortex.o
 .text.__NVIC_EnableIRQ
                0x08001ea0       0x3c ./Drivers/STM32F3xx_HAL_Driver/Src/stm32f3xx_hal_cortex.o
 .text.__NVIC_SetPriority
                0x08001edc       0x54 ./Drivers/STM32F3xx_HAL_Driver/Src/stm32f3xx_hal_cortex.o
 .text.NVIC_EncodePriority
                0x08001f30       0x66 ./Drivers/STM32F3xx_HAL_Driver/Src/stm32f3xx_hal_cortex.o
 .text.HAL_NVIC_SetPriorityGrouping
                0x08001f96       0x16 ./Drivers/STM32F3xx_HAL_Driver/Src/stm32f3xx_hal_cortex.o
                0x08001f96                HAL_NVIC_SetPriorityGrouping
 .text.HAL_NVIC_SetPriority
                0x08001fac       0x38 ./Drivers/STM32F3xx_HAL_Driver/Src/stm32f3xx_hal_cortex.o
                0x08001fac                HAL_NVIC_SetPriority
 .text.HAL_NVIC_EnableIRQ
                0x08001fe4       0x1c ./Drivers/STM32F3xx_HAL_Driver/Src/stm32f3xx_hal_cortex.o
                0x08001fe4                HAL_NVIC_EnableIRQ
 .text.HAL_GPIO_Init
                0x08002000      0x2f4 ./Drivers/STM32F3xx_HAL_Driver/Src/stm32f3xx_hal_gpio.o
                0x08002000                HAL_GPIO_Init
 .text.HAL_GPIO_WritePin
                0x080022f4       0x30 ./Drivers/STM32F3xx_HAL_Driver/Src/stm32f3xx_hal_gpio.o
                0x080022f4                HAL_GPIO_WritePin
 .text.HAL_GPIO_TogglePin
                0x08002324       0x34 ./Drivers/STM32F3xx_HAL_Driver/Src/stm32f3xx_hal_gpio.o
                0x08002324                HAL_GPIO_TogglePin
 .text.HAL_GPIO_EXTI_IRQHandler
                0x08002358       0x30 ./Drivers/STM32F3xx_HAL_Driver/Src/stm32f3xx_hal_gpio.o
                0x08002358                HAL_GPIO_EXTI_IRQHandler
 .text.HAL_RCC_OscConfig
                0x08002388     0x107c ./Drivers/STM32F3xx_HAL_Driver/Src/stm32f3xx_hal_rcc.o
                0x08002388                HAL_RCC_OscConfig
 .text.HAL_RCC_ClockConfig
                0x08003404      0x2f8 ./Drivers/STM32F3xx_HAL_Driver/Src/stm32f3xx_hal_rcc.o
                0x08003404                HAL_RCC_ClockConfig
 .text.HAL_RCC_GetSysClockFreq
                0x080036fc       0xa8 ./Drivers/STM32F3xx_HAL_Driver/Src/stm32f3xx_hal_rcc.o
                0x080036fc                HAL_RCC_GetSysClockFreq
 .text.HAL_RCC_GetHCLKFreq
                0x080037a4       0x18 ./Drivers/STM32F3xx_HAL_Driver/Src/stm32f3xx_hal_rcc.o
                0x080037a4                HAL_RCC_GetHCLKFreq
 .text.HAL_RCC_GetPCLK2Freq
                0x080037bc       0x44 ./Drivers/STM32F3xx_HAL_Driver/Src/stm32f3xx_hal_rcc.o
                0x080037bc                HAL_RCC_GetPCLK2Freq
 .text.HAL_RCC_GetClockConfig
                0x08003800       0x64 ./Drivers/STM32F3xx_HAL_Driver/Src/stm32f3xx_hal_rcc.o
                0x08003800                HAL_RCC_GetClockConfig
 .text.HAL_TIM_Base_Init
                0x08003864       0xae ./Drivers/STM32F3xx_HAL_Driver/Src/stm32f3xx_hal_tim.o
                0x08003864                HAL_TIM_Base_Init
 *fill*         0x08003912        0x2 
 .text.HAL_TIM_Base_Start_IT
                0x08003914       0xd4 ./Drivers/STM32F3xx_HAL_Driver/Src/stm32f3xx_hal_tim.o
                0x08003914                HAL_TIM_Base_Start_IT
 .text.HAL_TIM_PWM_Init
                0x080039e8       0xae ./Drivers/STM32F3xx_HAL_Driver/Src/stm32f3xx_hal_tim.o
                0x080039e8                HAL_TIM_PWM_Init
 .text.HAL_TIM_PWM_MspInit
                0x08003a96       0x14 ./Drivers/STM32F3xx_HAL_Driver/Src/stm32f3xx_hal_tim.o
                0x08003a96                HAL_TIM_PWM_MspInit
 *fill*         0x08003aaa        0x2 
 .text.HAL_TIM_PWM_Start
                0x08003aac      0x200 ./Drivers/STM32F3xx_HAL_Driver/Src/stm32f3xx_hal_tim.o
                0x08003aac                HAL_TIM_PWM_Start
 .text.HAL_TIM_Encoder_Init
                0x08003cac      0x14c ./Drivers/STM32F3xx_HAL_Driver/Src/stm32f3xx_hal_tim.o
                0x08003cac                HAL_TIM_Encoder_Init
 .text.HAL_TIM_Encoder_Start
                0x08003df8      0x11c ./Drivers/STM32F3xx_HAL_Driver/Src/stm32f3xx_hal_tim.o
                0x08003df8                HAL_TIM_Encoder_Start
 .text.HAL_TIM_IRQHandler
                0x08003f14      0x204 ./Drivers/STM32F3xx_HAL_Driver/Src/stm32f3xx_hal_tim.o
                0x08003f14                HAL_TIM_IRQHandler
 .text.HAL_TIM_PWM_ConfigChannel
                0x08004118      0x228 ./Drivers/STM32F3xx_HAL_Driver/Src/stm32f3xx_hal_tim.o
                0x08004118                HAL_TIM_PWM_ConfigChannel
 .text.HAL_TIM_ConfigClockSource
                0x08004340      0x192 ./Drivers/STM32F3xx_HAL_Driver/Src/stm32f3xx_hal_tim.o
                0x08004340                HAL_TIM_ConfigClockSource
 .text.HAL_TIM_OC_DelayElapsedCallback
                0x080044d2       0x14 ./Drivers/STM32F3xx_HAL_Driver/Src/stm32f3xx_hal_tim.o
                0x080044d2                HAL_TIM_OC_DelayElapsedCallback
 .text.HAL_TIM_IC_CaptureCallback
                0x080044e6       0x14 ./Drivers/STM32F3xx_HAL_Driver/Src/stm32f3xx_hal_tim.o
                0x080044e6                HAL_TIM_IC_CaptureCallback
 .text.HAL_TIM_PWM_PulseFinishedCallback
                0x080044fa       0x14 ./Drivers/STM32F3xx_HAL_Driver/Src/stm32f3xx_hal_tim.o
                0x080044fa                HAL_TIM_PWM_PulseFinishedCallback
 .text.HAL_TIM_TriggerCallback
                0x0800450e       0x14 ./Drivers/STM32F3xx_HAL_Driver/Src/stm32f3xx_hal_tim.o
                0x0800450e                HAL_TIM_TriggerCallback
 *fill*         0x08004522        0x2 
 .text.TIM_Base_SetConfig
                0x08004524      0x138 ./Drivers/STM32F3xx_HAL_Driver/Src/stm32f3xx_hal_tim.o
                0x08004524                TIM_Base_SetConfig
 .text.TIM_OC1_SetConfig
                0x0800465c      0x120 ./Drivers/STM32F3xx_HAL_Driver/Src/stm32f3xx_hal_tim.o
 .text.TIM_OC2_SetConfig
                0x0800477c      0x114 ./Drivers/STM32F3xx_HAL_Driver/Src/stm32f3xx_hal_tim.o
                0x0800477c                TIM_OC2_SetConfig
 .text.TIM_OC3_SetConfig
                0x08004890      0x110 ./Drivers/STM32F3xx_HAL_Driver/Src/stm32f3xx_hal_tim.o
 .text.TIM_OC4_SetConfig
                0x080049a0       0xd4 ./Drivers/STM32F3xx_HAL_Driver/Src/stm32f3xx_hal_tim.o
 .text.TIM_OC5_SetConfig
                0x08004a74       0xc8 ./Drivers/STM32F3xx_HAL_Driver/Src/stm32f3xx_hal_tim.o
 .text.TIM_OC6_SetConfig
                0x08004b3c       0xcc ./Drivers/STM32F3xx_HAL_Driver/Src/stm32f3xx_hal_tim.o
 .text.TIM_TI1_ConfigInputStage
                0x08004c08       0x5e ./Drivers/STM32F3xx_HAL_Driver/Src/stm32f3xx_hal_tim.o
 .text.TIM_TI2_ConfigInputStage
                0x08004c66       0x60 ./Drivers/STM32F3xx_HAL_Driver/Src/stm32f3xx_hal_tim.o
 .text.TIM_ITRx_SetConfig
                0x08004cc6       0x36 ./Drivers/STM32F3xx_HAL_Driver/Src/stm32f3xx_hal_tim.o
 .text.TIM_ETR_SetConfig
                0x08004cfc       0x40 ./Drivers/STM32F3xx_HAL_Driver/Src/stm32f3xx_hal_tim.o
                0x08004cfc                TIM_ETR_SetConfig
 .text.TIM_CCxChannelCmd
                0x08004d3c       0x4a ./Drivers/STM32F3xx_HAL_Driver/Src/stm32f3xx_hal_tim.o
                0x08004d3c                TIM_CCxChannelCmd
 *fill*         0x08004d86        0x2 
 .text.HAL_TIMEx_MasterConfigSynchronization
                0x08004d88      0x100 ./Drivers/STM32F3xx_HAL_Driver/Src/stm32f3xx_hal_tim_ex.o
                0x08004d88                HAL_TIMEx_MasterConfigSynchronization
 .text.HAL_TIMEx_CommutCallback
                0x08004e88       0x14 ./Drivers/STM32F3xx_HAL_Driver/Src/stm32f3xx_hal_tim_ex.o
                0x08004e88                HAL_TIMEx_CommutCallback
 .text.HAL_TIMEx_BreakCallback
                0x08004e9c       0x14 ./Drivers/STM32F3xx_HAL_Driver/Src/stm32f3xx_hal_tim_ex.o
                0x08004e9c                HAL_TIMEx_BreakCallback
 .text.HAL_TIMEx_Break2Callback
                0x08004eb0       0x14 ./Drivers/STM32F3xx_HAL_Driver/Src/stm32f3xx_hal_tim_ex.o
                0x08004eb0                HAL_TIMEx_Break2Callback
 .text.osKernelInitialize
                0x08004ec4       0x68 ./Middlewares/Third_Party/FreeRTOS/Source/CMSIS_RTOS_V2/cmsis_os2.o
                0x08004ec4                osKernelInitialize
 .text.osKernelStart
                0x08004f2c       0x68 ./Middlewares/Third_Party/FreeRTOS/Source/CMSIS_RTOS_V2/cmsis_os2.o
                0x08004f2c                osKernelStart
 .text.osThreadNew
                0x08004f94      0x154 ./Middlewares/Third_Party/FreeRTOS/Source/CMSIS_RTOS_V2/cmsis_os2.o
                0x08004f94                osThreadNew
 .text.osDelay  0x080050e8       0x5c ./Middlewares/Third_Party/FreeRTOS/Source/CMSIS_RTOS_V2/cmsis_os2.o
                0x080050e8                osDelay
 .text.osMutexNew
                0x08005144      0x134 ./Middlewares/Third_Party/FreeRTOS/Source/CMSIS_RTOS_V2/cmsis_os2.o
                0x08005144                osMutexNew
 .text.osMutexAcquire
                0x08005278       0xbc ./Middlewares/Third_Party/FreeRTOS/Source/CMSIS_RTOS_V2/cmsis_os2.o
                0x08005278                osMutexAcquire
 .text.osMutexRelease
                0x08005334       0xa0 ./Middlewares/Third_Party/FreeRTOS/Source/CMSIS_RTOS_V2/cmsis_os2.o
                0x08005334                osMutexRelease
 .text.osMessageQueueNew
                0x080053d4      0x10c ./Middlewares/Third_Party/FreeRTOS/Source/CMSIS_RTOS_V2/cmsis_os2.o
                0x080053d4                osMessageQueueNew
 .text.osMessageQueuePut
                0x080054e0       0xe8 ./Middlewares/Third_Party/FreeRTOS/Source/CMSIS_RTOS_V2/cmsis_os2.o
                0x080054e0                osMessageQueuePut
 .text.osMessageQueueGet
                0x080055c8       0xe4 ./Middlewares/Third_Party/FreeRTOS/Source/CMSIS_RTOS_V2/cmsis_os2.o
                0x080055c8                osMessageQueueGet
 .text.vApplicationGetIdleTaskMemory
                0x080056ac       0x34 ./Middlewares/Third_Party/FreeRTOS/Source/CMSIS_RTOS_V2/cmsis_os2.o
                0x080056ac                vApplicationGetIdleTaskMemory
 .text.vApplicationGetTimerTaskMemory
                0x080056e0       0x34 ./Middlewares/Third_Party/FreeRTOS/Source/CMSIS_RTOS_V2/cmsis_os2.o
                0x080056e0                vApplicationGetTimerTaskMemory
 .text.vListInitialise
                0x08005714       0x40 ./Middlewares/Third_Party/FreeRTOS/Source/list.o
                0x08005714                vListInitialise
 .text.vListInitialiseItem
                0x08005754       0x1a ./Middlewares/Third_Party/FreeRTOS/Source/list.o
                0x08005754                vListInitialiseItem
 .text.vListInsertEnd
                0x0800576e       0x48 ./Middlewares/Third_Party/FreeRTOS/Source/list.o
                0x0800576e                vListInsertEnd
 .text.vListInsert
                0x080057b6       0x72 ./Middlewares/Third_Party/FreeRTOS/Source/list.o
                0x080057b6                vListInsert
 .text.uxListRemove
                0x08005828       0x54 ./Middlewares/Third_Party/FreeRTOS/Source/list.o
                0x08005828                uxListRemove
 .text.xQueueGenericReset
                0x0800587c       0xd4 ./Middlewares/Third_Party/FreeRTOS/Source/queue.o
                0x0800587c                xQueueGenericReset
 .text.xQueueGenericCreateStatic
                0x08005950       0xf8 ./Middlewares/Third_Party/FreeRTOS/Source/queue.o
                0x08005950                xQueueGenericCreateStatic
 .text.xQueueGenericCreate
                0x08005a48       0x7e ./Middlewares/Third_Party/FreeRTOS/Source/queue.o
                0x08005a48                xQueueGenericCreate
 .text.prvInitialiseNewQueue
                0x08005ac6       0x46 ./Middlewares/Third_Party/FreeRTOS/Source/queue.o
 .text.prvInitialiseMutex
                0x08005b0c       0x34 ./Middlewares/Third_Party/FreeRTOS/Source/queue.o
 .text.xQueueCreateMutex
                0x08005b40       0x30 ./Middlewares/Third_Party/FreeRTOS/Source/queue.o
                0x08005b40                xQueueCreateMutex
 .text.xQueueCreateMutexStatic
                0x08005b70       0x36 ./Middlewares/Third_Party/FreeRTOS/Source/queue.o
                0x08005b70                xQueueCreateMutexStatic
 .text.xQueueGiveMutexRecursive
                0x08005ba6       0x6a ./Middlewares/Third_Party/FreeRTOS/Source/queue.o
                0x08005ba6                xQueueGiveMutexRecursive
 .text.xQueueTakeMutexRecursive
                0x08005c10       0x6e ./Middlewares/Third_Party/FreeRTOS/Source/queue.o
                0x08005c10                xQueueTakeMutexRecursive
 *fill*         0x08005c7e        0x2 
 .text.xQueueGenericSend
                0x08005c80      0x204 ./Middlewares/Third_Party/FreeRTOS/Source/queue.o
                0x08005c80                xQueueGenericSend
 .text.xQueueGenericSendFromISR
                0x08005e84      0x136 ./Middlewares/Third_Party/FreeRTOS/Source/queue.o
                0x08005e84                xQueueGenericSendFromISR
 *fill*         0x08005fba        0x2 
 .text.xQueueReceive
                0x08005fbc      0x1c4 ./Middlewares/Third_Party/FreeRTOS/Source/queue.o
                0x08005fbc                xQueueReceive
 .text.xQueueSemaphoreTake
                0x08006180      0x220 ./Middlewares/Third_Party/FreeRTOS/Source/queue.o
                0x08006180                xQueueSemaphoreTake
 .text.xQueueReceiveFromISR
                0x080063a0      0x104 ./Middlewares/Third_Party/FreeRTOS/Source/queue.o
                0x080063a0                xQueueReceiveFromISR
 .text.prvGetDisinheritPriorityAfterTimeout
                0x080064a4       0x30 ./Middlewares/Third_Party/FreeRTOS/Source/queue.o
 .text.prvCopyDataToQueue
                0x080064d4       0xd4 ./Middlewares/Third_Party/FreeRTOS/Source/queue.o
 .text.prvCopyDataFromQueue
                0x080065a8       0x4c ./Middlewares/Third_Party/FreeRTOS/Source/queue.o
 .text.prvUnlockQueue
                0x080065f4       0xa4 ./Middlewares/Third_Party/FreeRTOS/Source/queue.o
 .text.prvIsQueueEmpty
                0x08006698       0x2c ./Middlewares/Third_Party/FreeRTOS/Source/queue.o
 .text.prvIsQueueFull
                0x080066c4       0x30 ./Middlewares/Third_Party/FreeRTOS/Source/queue.o
 .text.vQueueAddToRegistry
                0x080066f4       0x54 ./Middlewares/Third_Party/FreeRTOS/Source/queue.o
                0x080066f4                vQueueAddToRegistry
 .text.vQueueWaitForMessageRestricted
                0x08006748       0x68 ./Middlewares/Third_Party/FreeRTOS/Source/queue.o
                0x08006748                vQueueWaitForMessageRestricted
 .text.xTaskCreateStatic
                0x080067b0       0xbe ./Middlewares/Third_Party/FreeRTOS/Source/tasks.o
                0x080067b0                xTaskCreateStatic
 .text.xTaskCreate
                0x0800686e       0x8a ./Middlewares/Third_Party/FreeRTOS/Source/tasks.o
                0x0800686e                xTaskCreate
 .text.prvInitialiseNewTask
                0x080068f8      0x110 ./Middlewares/Third_Party/FreeRTOS/Source/tasks.o
 .text.prvAddNewTaskToReadyList
                0x08006a08       0xe0 ./Middlewares/Third_Party/FreeRTOS/Source/tasks.o
 .text.vTaskDelay
                0x08006ae8       0x6c ./Middlewares/Third_Party/FreeRTOS/Source/tasks.o
                0x08006ae8                vTaskDelay
 .text.vTaskStartScheduler
                0x08006b54       0xd0 ./Middlewares/Third_Party/FreeRTOS/Source/tasks.o
                0x08006b54                vTaskStartScheduler
 .text.vTaskSuspendAll
                0x08006c24       0x1c ./Middlewares/Third_Party/FreeRTOS/Source/tasks.o
                0x08006c24                vTaskSuspendAll
 .text.xTaskResumeAll
                0x08006c40      0x13c ./Middlewares/Third_Party/FreeRTOS/Source/tasks.o
                0x08006c40                xTaskResumeAll
 .text.xTaskGetTickCount
                0x08006d7c       0x20 ./Middlewares/Third_Party/FreeRTOS/Source/tasks.o
                0x08006d7c                xTaskGetTickCount
 .text.xTaskIncrementTick
                0x08006d9c      0x180 ./Middlewares/Third_Party/FreeRTOS/Source/tasks.o
                0x08006d9c                xTaskIncrementTick
 .text.vTaskSwitchContext
                0x08006f1c       0xbc ./Middlewares/Third_Party/FreeRTOS/Source/tasks.o
                0x08006f1c                vTaskSwitchContext
 .text.vTaskPlaceOnEventList
                0x08006fd8       0x4c ./Middlewares/Third_Party/FreeRTOS/Source/tasks.o
                0x08006fd8                vTaskPlaceOnEventList
 .text.vTaskPlaceOnEventListRestricted
                0x08007024       0x58 ./Middlewares/Third_Party/FreeRTOS/Source/tasks.o
                0x08007024                vTaskPlaceOnEventListRestricted
 .text.xTaskRemoveFromEventList
                0x0800707c       0xc8 ./Middlewares/Third_Party/FreeRTOS/Source/tasks.o
                0x0800707c                xTaskRemoveFromEventList
 .text.vTaskInternalSetTimeOutState
                0x08007144       0x2c ./Middlewares/Third_Party/FreeRTOS/Source/tasks.o
                0x08007144                vTaskInternalSetTimeOutState
 .text.xTaskCheckForTimeOut
                0x08007170       0xc8 ./Middlewares/Third_Party/FreeRTOS/Source/tasks.o
                0x08007170                xTaskCheckForTimeOut
 .text.vTaskMissedYield
                0x08007238       0x18 ./Middlewares/Third_Party/FreeRTOS/Source/tasks.o
                0x08007238                vTaskMissedYield
 .text.prvIdleTask
                0x08007250       0x30 ./Middlewares/Third_Party/FreeRTOS/Source/tasks.o
 .text.prvInitialiseTaskLists
                0x08007280       0x80 ./Middlewares/Third_Party/FreeRTOS/Source/tasks.o
 .text.prvCheckTasksWaitingTermination
                0x08007300       0x5c ./Middlewares/Third_Party/FreeRTOS/Source/tasks.o
 .text.prvDeleteTCB
                0x0800735c       0x60 ./Middlewares/Third_Party/FreeRTOS/Source/tasks.o
 .text.prvResetNextTaskUnblockTime
                0x080073bc       0x4c ./Middlewares/Third_Party/FreeRTOS/Source/tasks.o
 .text.xTaskGetCurrentTaskHandle
                0x08007408       0x20 ./Middlewares/Third_Party/FreeRTOS/Source/tasks.o
                0x08007408                xTaskGetCurrentTaskHandle
 .text.xTaskGetSchedulerState
                0x08007428       0x3c ./Middlewares/Third_Party/FreeRTOS/Source/tasks.o
                0x08007428                xTaskGetSchedulerState
 .text.xTaskPriorityInherit
                0x08007464       0xdc ./Middlewares/Third_Party/FreeRTOS/Source/tasks.o
                0x08007464                xTaskPriorityInherit
 .text.xTaskPriorityDisinherit
                0x08007540       0xe0 ./Middlewares/Third_Party/FreeRTOS/Source/tasks.o
                0x08007540                xTaskPriorityDisinherit
 .text.vTaskPriorityDisinheritAfterTimeout
                0x08007620      0x110 ./Middlewares/Third_Party/FreeRTOS/Source/tasks.o
                0x08007620                vTaskPriorityDisinheritAfterTimeout
 .text.pvTaskIncrementMutexHeldCount
                0x08007730       0x28 ./Middlewares/Third_Party/FreeRTOS/Source/tasks.o
                0x08007730                pvTaskIncrementMutexHeldCount
 .text.prvAddCurrentTaskToDelayedList
                0x08007758       0xa8 ./Middlewares/Third_Party/FreeRTOS/Source/tasks.o
 .text.xTimerCreateTimerTask
                0x08007800       0x94 ./Middlewares/Third_Party/FreeRTOS/Source/timers.o
                0x08007800                xTimerCreateTimerTask
 .text.xTimerGenericCommand
                0x08007894       0x9c ./Middlewares/Third_Party/FreeRTOS/Source/timers.o
                0x08007894                xTimerGenericCommand
 .text.prvProcessExpiredTimer
                0x08007930       0x84 ./Middlewares/Third_Party/FreeRTOS/Source/timers.o
 .text.prvTimerTask
                0x080079b4       0x26 ./Middlewares/Third_Party/FreeRTOS/Source/timers.o
 *fill*         0x080079da        0x2 
 .text.prvProcessTimerOrBlockTask
                0x080079dc       0x9c ./Middlewares/Third_Party/FreeRTOS/Source/timers.o
 .text.prvGetNextExpireTime
                0x08007a78       0x48 ./Middlewares/Third_Party/FreeRTOS/Source/timers.o
 .text.prvSampleTimeNow
                0x08007ac0       0x40 ./Middlewares/Third_Party/FreeRTOS/Source/timers.o
 .text.prvInsertTimerInActiveList
                0x08007b00       0x84 ./Middlewares/Third_Party/FreeRTOS/Source/timers.o
 .text.prvProcessReceivedCommands
                0x08007b84      0x178 ./Middlewares/Third_Party/FreeRTOS/Source/timers.o
 .text.prvSwitchTimerLists
                0x08007cfc       0xc4 ./Middlewares/Third_Party/FreeRTOS/Source/timers.o
 .text.prvCheckForValidListAndQueue
                0x08007dc0       0x80 ./Middlewares/Third_Party/FreeRTOS/Source/timers.o
 .text.pxPortInitialiseStack
                0x08007e40       0x68 ./Middlewares/Third_Party/FreeRTOS/Source/portable/GCC/ARM_CM4F/port.o
                0x08007e40                pxPortInitialiseStack
 .text.prvTaskExitError
                0x08007ea8       0x5c ./Middlewares/Third_Party/FreeRTOS/Source/portable/GCC/ARM_CM4F/port.o
 *fill*         0x08007f04        0xc 
 .text.SVC_Handler
                0x08007f10       0x28 ./Middlewares/Third_Party/FreeRTOS/Source/portable/GCC/ARM_CM4F/port.o
                0x08007f10                SVC_Handler
 .text.prvPortStartFirstTask
                0x08007f38       0x28 ./Middlewares/Third_Party/FreeRTOS/Source/portable/GCC/ARM_CM4F/port.o
 .text.xPortStartScheduler
                0x08007f60      0x148 ./Middlewares/Third_Party/FreeRTOS/Source/portable/GCC/ARM_CM4F/port.o
                0x08007f60                xPortStartScheduler
 .text.vPortEnterCritical
                0x080080a8       0x64 ./Middlewares/Third_Party/FreeRTOS/Source/portable/GCC/ARM_CM4F/port.o
                0x080080a8                vPortEnterCritical
 .text.vPortExitCritical
                0x0800810c       0x54 ./Middlewares/Third_Party/FreeRTOS/Source/portable/GCC/ARM_CM4F/port.o
                0x0800810c                vPortExitCritical
 .text.PendSV_Handler
                0x08008160       0x68 ./Middlewares/Third_Party/FreeRTOS/Source/portable/GCC/ARM_CM4F/port.o
                0x08008160                PendSV_Handler
 .text.SysTick_Handler
                0x080081c8       0x44 ./Middlewares/Third_Party/FreeRTOS/Source/portable/GCC/ARM_CM4F/port.o
                0x080081c8                SysTick_Handler
 .text.vPortSetupTimerInterrupt
                0x0800820c       0x48 ./Middlewares/Third_Party/FreeRTOS/Source/portable/GCC/ARM_CM4F/port.o
                0x0800820c                vPortSetupTimerInterrupt
 .text.vPortEnableVFP
                0x08008254       0x14 ./Middlewares/Third_Party/FreeRTOS/Source/portable/GCC/ARM_CM4F/port.o
 .text.vPortValidateInterruptPriority
                0x08008268       0x84 ./Middlewares/Third_Party/FreeRTOS/Source/portable/GCC/ARM_CM4F/port.o
                0x08008268                vPortValidateInterruptPriority
 .text.pvPortMalloc
                0x080082ec      0x190 ./Middlewares/Third_Party/FreeRTOS/Source/portable/MemMang/heap_4.o
                0x080082ec                pvPortMalloc
 .text.vPortFree
                0x0800847c       0xb8 ./Middlewares/Third_Party/FreeRTOS/Source/portable/MemMang/heap_4.o
                0x0800847c                vPortFree
 .text.prvHeapInit
                0x08008534       0xc4 ./Middlewares/Third_Party/FreeRTOS/Source/portable/MemMang/heap_4.o
 .text.prvInsertBlockIntoFreeList
                0x080085f8       0xb4 ./Middlewares/Third_Party/FreeRTOS/Source/portable/MemMang/heap_4.o
 .text.memset   0x080086ac       0x10 C:/Users/BaoThuan/STM32CubeIDE_1.12.1/STM32CubeIDE/plugins/com.st.stm32cube.ide.mcu.externaltools.gnu-tools-for-stm32.12.3.rel1.win32_1.0.100.202403111256/tools/bin/../lib/gcc/arm-none-eabi/12.3.1/../../../../arm-none-eabi/lib/thumb/v7e-m+fp/hard\libc_nano.a(libc_a-memset.o)
                0x080086ac                memset
 .text.__libc_init_array
                0x080086bc       0x48 C:/Users/BaoThuan/STM32CubeIDE_1.12.1/STM32CubeIDE/plugins/com.st.stm32cube.ide.mcu.externaltools.gnu-tools-for-stm32.12.3.rel1.win32_1.0.100.202403111256/tools/bin/../lib/gcc/arm-none-eabi/12.3.1/../../../../arm-none-eabi/lib/thumb/v7e-m+fp/hard\libc_nano.a(libc_a-init.o)
                0x080086bc                __libc_init_array
 .text.memcpy   0x08008704       0x1c C:/Users/BaoThuan/STM32CubeIDE_1.12.1/STM32CubeIDE/plugins/com.st.stm32cube.ide.mcu.externaltools.gnu-tools-for-stm32.12.3.rel1.win32_1.0.100.202403111256/tools/bin/../lib/gcc/arm-none-eabi/12.3.1/../../../../arm-none-eabi/lib/thumb/v7e-m+fp/hard\libc_nano.a(libc_a-memcpy-stub.o)
                0x08008704                memcpy
 *(.glue_7)
 .glue_7        0x08008720        0x0 linker stubs
 *(.glue_7t)
 .glue_7t       0x08008720        0x0 linker stubs
 *(.eh_frame)
 .eh_frame      0x08008720        0x0 C:/Users/BaoThuan/STM32CubeIDE_1.12.1/STM32CubeIDE/plugins/com.st.stm32cube.ide.mcu.externaltools.gnu-tools-for-stm32.12.3.rel1.win32_1.0.100.202403111256/tools/bin/../lib/gcc/arm-none-eabi/12.3.1/thumb/v7e-m+fp/hard/crtbegin.o
 *(.init)
 .init          0x08008720        0x4 C:/Users/BaoThuan/STM32CubeIDE_1.12.1/STM32CubeIDE/plugins/com.st.stm32cube.ide.mcu.externaltools.gnu-tools-for-stm32.12.3.rel1.win32_1.0.100.202403111256/tools/bin/../lib/gcc/arm-none-eabi/12.3.1/thumb/v7e-m+fp/hard/crti.o
                0x08008720                _init
 .init          0x08008724        0x8 C:/Users/BaoThuan/STM32CubeIDE_1.12.1/STM32CubeIDE/plugins/com.st.stm32cube.ide.mcu.externaltools.gnu-tools-for-stm32.12.3.rel1.win32_1.0.100.202403111256/tools/bin/../lib/gcc/arm-none-eabi/12.3.1/thumb/v7e-m+fp/hard/crtn.o
 *(.fini)
 .fini          0x0800872c        0x4 C:/Users/BaoThuan/STM32CubeIDE_1.12.1/STM32CubeIDE/plugins/com.st.stm32cube.ide.mcu.externaltools.gnu-tools-for-stm32.12.3.rel1.win32_1.0.100.202403111256/tools/bin/../lib/gcc/arm-none-eabi/12.3.1/thumb/v7e-m+fp/hard/crti.o
                0x0800872c                _fini
 .fini          0x08008730        0x8 C:/Users/BaoThuan/STM32CubeIDE_1.12.1/STM32CubeIDE/plugins/com.st.stm32cube.ide.mcu.externaltools.gnu-tools-for-stm32.12.3.rel1.win32_1.0.100.202403111256/tools/bin/../lib/gcc/arm-none-eabi/12.3.1/thumb/v7e-m+fp/hard/crtn.o
                0x08008738                        . = ALIGN (0x4)
                0x08008738                        _etext = .

.vfp11_veneer   0x08008738        0x0
 .vfp11_veneer  0x08008738        0x0 linker stubs

.v4_bx          0x08008738        0x0
 .v4_bx         0x08008738        0x0 linker stubs

.iplt           0x08008738        0x0
 .iplt          0x08008738        0x0 C:/Users/BaoThuan/STM32CubeIDE_1.12.1/STM32CubeIDE/plugins/com.st.stm32cube.ide.mcu.externaltools.gnu-tools-for-stm32.12.3.rel1.win32_1.0.100.202403111256/tools/bin/../lib/gcc/arm-none-eabi/12.3.1/thumb/v7e-m+fp/hard/crtbegin.o

.rodata         0x08008738      0x250
                0x08008738                        . = ALIGN (0x4)
 *(.rodata)
 .rodata        0x08008738       0x92 ./Core/Src/freertos.o
 *fill*         0x080087ca        0x2 
 .rodata        0x080087cc        0x5 ./Middlewares/Third_Party/FreeRTOS/Source/tasks.o
 *fill*         0x080087d1        0x3 
 .rodata        0x080087d4        0xd ./Middlewares/Third_Party/FreeRTOS/Source/timers.o
 *(.rodata*)
 *fill*         0x080087e1        0x3 
 .rodata.TaskEncoder_attributes
                0x080087e4       0x24 ./Core/Src/freertos.o
                0x080087e4                TaskEncoder_attributes
 .rodata.TaskRobotCtr_attributes
                0x08008808       0x24 ./Core/Src/freertos.o
                0x08008808                TaskRobotCtr_attributes
 .rodata.TaskLED_attributes
                0x0800882c       0x24 ./Core/Src/freertos.o
                0x0800882c                TaskLED_attributes
 .rodata.Task_PIDCtr_attributes
                0x08008850       0x24 ./Core/Src/freertos.o
                0x08008850                Task_PIDCtr_attributes
 .rodata.Task_BtnDebouce_attributes
                0x08008874       0x24 ./Core/Src/freertos.o
                0x08008874                Task_BtnDebouce_attributes
 .rodata.Task_CANPrs_attributes
                0x08008898       0x24 ./Core/Src/freertos.o
                0x08008898                Task_CANPrs_attributes
 .rodata.Task_ReLog_attributes
                0x080088bc       0x24 ./Core/Src/freertos.o
                0x080088bc                Task_ReLog_attributes
 .rodata.smsQ_CtrM_attributes
                0x080088e0       0x18 ./Core/Src/freertos.o
                0x080088e0                smsQ_CtrM_attributes
 .rodata.smsQ_CtrLED_attributes
                0x080088f8       0x18 ./Core/Src/freertos.o
                0x080088f8                smsQ_CtrLED_attributes
 .rodata.smsQ_EXTI_attributes
                0x08008910       0x18 ./Core/Src/freertos.o
                0x08008910                smsQ_EXTI_attributes
 .rodata.smsQ_PIDVel_attributes
                0x08008928       0x18 ./Core/Src/freertos.o
                0x08008928                smsQ_PIDVel_attributes
 .rodata.mutex_enc_attributes
                0x08008940       0x10 ./Core/Src/freertos.o
                0x08008940                mutex_enc_attributes
 .rodata.AHBPrescTable
                0x08008950       0x10 ./Core/Src/system_stm32f3xx.o
                0x08008950                AHBPrescTable
 .rodata.APBPrescTable
                0x08008960        0x8 ./Core/Src/system_stm32f3xx.o
                0x08008960                APBPrescTable
 .rodata.aPLLMULFactorTable
                0x08008968       0x10 ./Drivers/STM32F3xx_HAL_Driver/Src/stm32f3xx_hal_rcc.o
 .rodata.aPredivFactorTable
                0x08008978       0x10 ./Drivers/STM32F3xx_HAL_Driver/Src/stm32f3xx_hal_rcc.o
                0x08008988                        . = ALIGN (0x4)

.ARM.extab      0x08008988        0x0
                0x08008988                        . = ALIGN (0x4)
 *(.ARM.extab* .gnu.linkonce.armextab.*)
                0x08008988                        . = ALIGN (0x4)

.ARM            0x08008988        0x0
                0x08008988                        . = ALIGN (0x4)
                0x08008988                        __exidx_start = .
 *(.ARM.exidx*)
                0x08008988                        __exidx_end = .
                0x08008988                        . = ALIGN (0x4)

.preinit_array  0x08008988        0x0
                0x08008988                        . = ALIGN (0x4)
                0x08008988                        PROVIDE (__preinit_array_start = .)
 *(.preinit_array*)
                0x08008988                        PROVIDE (__preinit_array_end = .)
                0x08008988                        . = ALIGN (0x4)

.init_array     0x08008988        0x4
                0x08008988                        . = ALIGN (0x4)
                0x08008988                        PROVIDE (__init_array_start = .)
 *(SORT_BY_NAME(.init_array.*))
 *(.init_array*)
 .init_array    0x08008988        0x4 C:/Users/BaoThuan/STM32CubeIDE_1.12.1/STM32CubeIDE/plugins/com.st.stm32cube.ide.mcu.externaltools.gnu-tools-for-stm32.12.3.rel1.win32_1.0.100.202403111256/tools/bin/../lib/gcc/arm-none-eabi/12.3.1/thumb/v7e-m+fp/hard/crtbegin.o
                0x0800898c                        PROVIDE (__init_array_end = .)
                0x0800898c                        . = ALIGN (0x4)

.fini_array     0x0800898c        0x4
                0x0800898c                        . = ALIGN (0x4)
                [!provide]                        PROVIDE (__fini_array_start = .)
 *(SORT_BY_NAME(.fini_array.*))
 *(.fini_array*)
 .fini_array    0x0800898c        0x4 C:/Users/BaoThuan/STM32CubeIDE_1.12.1/STM32CubeIDE/plugins/com.st.stm32cube.ide.mcu.externaltools.gnu-tools-for-stm32.12.3.rel1.win32_1.0.100.202403111256/tools/bin/../lib/gcc/arm-none-eabi/12.3.1/thumb/v7e-m+fp/hard/crtbegin.o
                [!provide]                        PROVIDE (__fini_array_end = .)
                0x08008990                        . = ALIGN (0x4)
                0x08008990                        _sidata = LOADADDR (.data)

.rel.dyn        0x08008990        0x0
 .rel.iplt      0x08008990        0x0 C:/Users/BaoThuan/STM32CubeIDE_1.12.1/STM32CubeIDE/plugins/com.st.stm32cube.ide.mcu.externaltools.gnu-tools-for-stm32.12.3.rel1.win32_1.0.100.202403111256/tools/bin/../lib/gcc/arm-none-eabi/12.3.1/thumb/v7e-m+fp/hard/crtbegin.o

.data           0x20000000       0x14 load address 0x08008990
                0x20000000                        . = ALIGN (0x4)
                0x20000000                        _sdata = .
 *(.data)
 *(.data*)
 .data.eState   0x20000000        0x1 ./0_app/task_motorCtr.o
                0x20000000                eState
 *fill*         0x20000001        0x3 
 .data.SystemCoreClock
                0x20000004        0x4 ./Core/Src/system_stm32f3xx.o
                0x20000004                SystemCoreClock
 .data.uwTickPrio
                0x20000008        0x4 ./Drivers/STM32F3xx_HAL_Driver/Src/stm32f3xx_hal.o
                0x20000008                uwTickPrio
 .data.uwTickFreq
                0x2000000c        0x1 ./Drivers/STM32F3xx_HAL_Driver/Src/stm32f3xx_hal.o
                0x2000000c                uwTickFreq
 *fill*         0x2000000d        0x3 
 .data.uxCriticalNesting
                0x20000010        0x4 ./Middlewares/Third_Party/FreeRTOS/Source/portable/GCC/ARM_CM4F/port.o
 *(.RamFunc)
 *(.RamFunc*)
                0x20000014                        . = ALIGN (0x4)
                0x20000014                        _edata = .
                0x080089a4                        _siccmram = LOADADDR (.ccmram)

.igot.plt       0x20000014        0x0 load address 0x080089a4
 .igot.plt      0x20000014        0x0 C:/Users/BaoThuan/STM32CubeIDE_1.12.1/STM32CubeIDE/plugins/com.st.stm32cube.ide.mcu.externaltools.gnu-tools-for-stm32.12.3.rel1.win32_1.0.100.202403111256/tools/bin/../lib/gcc/arm-none-eabi/12.3.1/thumb/v7e-m+fp/hard/crtbegin.o

.ccmram         0x10000000        0x0 load address 0x080089a4
                0x10000000                        . = ALIGN (0x4)
                0x10000000                        _sccmram = .
 *(.ccmram)
 *(.ccmram*)
                0x10000000                        . = ALIGN (0x4)
                0x10000000                        _eccmram = .
                0x10000000                        . = ALIGN (0x4)

.bss            0x20000018     0x2554
                0x20000018                        _sbss = .
                0x20000018                        __bss_start__ = _sbss
 *(.bss)
 .bss           0x20000018       0x1c C:/Users/BaoThuan/STM32CubeIDE_1.12.1/STM32CubeIDE/plugins/com.st.stm32cube.ide.mcu.externaltools.gnu-tools-for-stm32.12.3.rel1.win32_1.0.100.202403111256/tools/bin/../lib/gcc/arm-none-eabi/12.3.1/thumb/v7e-m+fp/hard/crtbegin.o
 *(.bss*)
 .bss.speed_db_r
                0x20000034        0x2 ./0_app/task_enc.o
                0x20000034                speed_db_r
 .bss.speed_db_l
                0x20000036        0x2 ./0_app/task_enc.o
                0x20000036                speed_db_l
 .bss.speed_db_r_fill
                0x20000038        0x2 ./0_app/task_enc.o
                0x20000038                speed_db_r_fill
 .bss.speed_db_l_fill
                0x2000003a        0x2 ./0_app/task_enc.o
                0x2000003a                speed_db_l_fill
 .bss.enc_user_M
                0x2000003c        0x4 ./0_app/task_enc.o
                0x2000003c                enc_user_M
 .bss.smsQ_ctrM_buff
                0x20000040        0x6 ./0_app/task_motorCtr.o
                0x20000040                smsQ_ctrM_buff
 *fill*         0x20000046        0x2 
 .bss.motor1_manager
                0x20000048       0x10 ./0_app/task_motorCtr.o
                0x20000048                motor1_manager
 .bss.motor2_manager
                0x20000058       0x10 ./0_app/task_motorCtr.o
                0x20000058                motor2_manager
 .bss.pid_manager_motor1
                0x20000068       0x30 ./0_app/task_pid.o
                0x20000068                pid_manager_motor1
 .bss.pid_manager_motor2
                0x20000098       0x30 ./0_app/task_pid.o
                0x20000098                pid_manager_motor2
 .bss.smsQ_PIDspeed
                0x200000c8        0x4 ./0_app/task_pid.o
                0x200000c8                smsQ_PIDspeed
 *fill*         0x200000cc        0x4 
 .bss.enc_instance_M1
                0x200000d0       0x18 ./1_driver_SmartPID_V3/lib_encoder.o
 .bss.enc_instance_M2
                0x200000e8       0x18 ./1_driver_SmartPID_V3/lib_encoder.o
 .bss.enc_user_M.1
                0x20000100       0x18 ./1_driver_SmartPID_V3/lib_encoder.o
 .bss.first_time.0
                0x20000118        0x1 ./1_driver_SmartPID_V3/lib_encoder.o
 *fill*         0x20000119        0x3 
 .bss.hcan      0x2000011c       0x28 ./Core/Src/can.o
                0x2000011c                hcan
 .bss.TaskEncoderHandle
                0x20000144        0x4 ./Core/Src/freertos.o
                0x20000144                TaskEncoderHandle
 .bss.TaskRobotCtrHandle
                0x20000148        0x4 ./Core/Src/freertos.o
                0x20000148                TaskRobotCtrHandle
 .bss.TaskLEDHandle
                0x2000014c        0x4 ./Core/Src/freertos.o
                0x2000014c                TaskLEDHandle
 .bss.Task_PIDCtrHandle
                0x20000150        0x4 ./Core/Src/freertos.o
                0x20000150                Task_PIDCtrHandle
 .bss.Task_BtnDebouceHandle
                0x20000154        0x4 ./Core/Src/freertos.o
                0x20000154                Task_BtnDebouceHandle
 .bss.Task_CANPrsHandle
                0x20000158        0x4 ./Core/Src/freertos.o
                0x20000158                Task_CANPrsHandle
 .bss.Task_ReLogHandle
                0x2000015c        0x4 ./Core/Src/freertos.o
                0x2000015c                Task_ReLogHandle
 .bss.smsQ_CtrMHandle
                0x20000160        0x4 ./Core/Src/freertos.o
                0x20000160                smsQ_CtrMHandle
 .bss.smsQ_CtrLEDHandle
                0x20000164        0x4 ./Core/Src/freertos.o
                0x20000164                smsQ_CtrLEDHandle
 .bss.smsQ_EXTIHandle
                0x20000168        0x4 ./Core/Src/freertos.o
                0x20000168                smsQ_EXTIHandle
 .bss.smsQ_PIDVelHandle
                0x2000016c        0x4 ./Core/Src/freertos.o
                0x2000016c                smsQ_PIDVelHandle
 .bss.mutex_encHandle
                0x20000170        0x4 ./Core/Src/freertos.o
                0x20000170                mutex_encHandle
 .bss.htim17    0x20000174       0x4c ./Core/Src/stm32f3xx_hal_timebase_tim.o
                0x20000174                htim17
 .bss.htim2     0x200001c0       0x4c ./Core/Src/tim.o
                0x200001c0                htim2
 .bss.htim3     0x2000020c       0x4c ./Core/Src/tim.o
                0x2000020c                htim3
 .bss.htim4     0x20000258       0x4c ./Core/Src/tim.o
                0x20000258                htim4
 .bss.uwTick    0x200002a4        0x4 ./Drivers/STM32F3xx_HAL_Driver/Src/stm32f3xx_hal.o
                0x200002a4                uwTick
 .bss.KernelState
                0x200002a8        0x4 ./Middlewares/Third_Party/FreeRTOS/Source/CMSIS_RTOS_V2/cmsis_os2.o
 .bss.Idle_TCB  0x200002ac       0x5c ./Middlewares/Third_Party/FreeRTOS/Source/CMSIS_RTOS_V2/cmsis_os2.o
 .bss.Idle_Stack
                0x20000308      0x200 ./Middlewares/Third_Party/FreeRTOS/Source/CMSIS_RTOS_V2/cmsis_os2.o
 .bss.Timer_TCB
                0x20000508       0x5c ./Middlewares/Third_Party/FreeRTOS/Source/CMSIS_RTOS_V2/cmsis_os2.o
 .bss.Timer_Stack
                0x20000564      0x400 ./Middlewares/Third_Party/FreeRTOS/Source/CMSIS_RTOS_V2/cmsis_os2.o
 .bss.xQueueRegistry
                0x20000964       0x40 ./Middlewares/Third_Party/FreeRTOS/Source/queue.o
                0x20000964                xQueueRegistry
 .bss.pxCurrentTCB
                0x200009a4        0x4 ./Middlewares/Third_Party/FreeRTOS/Source/tasks.o
                0x200009a4                pxCurrentTCB
 .bss.pxReadyTasksLists
                0x200009a8      0x460 ./Middlewares/Third_Party/FreeRTOS/Source/tasks.o
 .bss.xDelayedTaskList1
                0x20000e08       0x14 ./Middlewares/Third_Party/FreeRTOS/Source/tasks.o
 .bss.xDelayedTaskList2
                0x20000e1c       0x14 ./Middlewares/Third_Party/FreeRTOS/Source/tasks.o
 .bss.pxDelayedTaskList
                0x20000e30        0x4 ./Middlewares/Third_Party/FreeRTOS/Source/tasks.o
 .bss.pxOverflowDelayedTaskList
                0x20000e34        0x4 ./Middlewares/Third_Party/FreeRTOS/Source/tasks.o
 .bss.xPendingReadyList
                0x20000e38       0x14 ./Middlewares/Third_Party/FreeRTOS/Source/tasks.o
 .bss.xTasksWaitingTermination
                0x20000e4c       0x14 ./Middlewares/Third_Party/FreeRTOS/Source/tasks.o
 .bss.uxDeletedTasksWaitingCleanUp
                0x20000e60        0x4 ./Middlewares/Third_Party/FreeRTOS/Source/tasks.o
 .bss.xSuspendedTaskList
                0x20000e64       0x14 ./Middlewares/Third_Party/FreeRTOS/Source/tasks.o
 .bss.uxCurrentNumberOfTasks
                0x20000e78        0x4 ./Middlewares/Third_Party/FreeRTOS/Source/tasks.o
 .bss.xTickCount
                0x20000e7c        0x4 ./Middlewares/Third_Party/FreeRTOS/Source/tasks.o
 .bss.uxTopReadyPriority
                0x20000e80        0x4 ./Middlewares/Third_Party/FreeRTOS/Source/tasks.o
 .bss.xSchedulerRunning
                0x20000e84        0x4 ./Middlewares/Third_Party/FreeRTOS/Source/tasks.o
 .bss.uxPendedTicks
                0x20000e88        0x4 ./Middlewares/Third_Party/FreeRTOS/Source/tasks.o
 .bss.xYieldPending
                0x20000e8c        0x4 ./Middlewares/Third_Party/FreeRTOS/Source/tasks.o
 .bss.xNumOfOverflows
                0x20000e90        0x4 ./Middlewares/Third_Party/FreeRTOS/Source/tasks.o
 .bss.uxTaskNumber
                0x20000e94        0x4 ./Middlewares/Third_Party/FreeRTOS/Source/tasks.o
 .bss.xNextTaskUnblockTime
                0x20000e98        0x4 ./Middlewares/Third_Party/FreeRTOS/Source/tasks.o
 .bss.xIdleTaskHandle
                0x20000e9c        0x4 ./Middlewares/Third_Party/FreeRTOS/Source/tasks.o
 .bss.uxSchedulerSuspended
                0x20000ea0        0x4 ./Middlewares/Third_Party/FreeRTOS/Source/tasks.o
 .bss.xActiveTimerList1
                0x20000ea4       0x14 ./Middlewares/Third_Party/FreeRTOS/Source/timers.o
 .bss.xActiveTimerList2
                0x20000eb8       0x14 ./Middlewares/Third_Party/FreeRTOS/Source/timers.o
 .bss.pxCurrentTimerList
                0x20000ecc        0x4 ./Middlewares/Third_Party/FreeRTOS/Source/timers.o
 .bss.pxOverflowTimerList
                0x20000ed0        0x4 ./Middlewares/Third_Party/FreeRTOS/Source/timers.o
 .bss.xTimerQueue
                0x20000ed4        0x4 ./Middlewares/Third_Party/FreeRTOS/Source/timers.o
 .bss.xTimerTaskHandle
                0x20000ed8        0x4 ./Middlewares/Third_Party/FreeRTOS/Source/timers.o
 .bss.xLastTime.2
                0x20000edc        0x4 ./Middlewares/Third_Party/FreeRTOS/Source/timers.o
 .bss.ucStaticTimerQueueStorage.1
                0x20000ee0       0xa0 ./Middlewares/Third_Party/FreeRTOS/Source/timers.o
 .bss.xStaticTimerQueue.0
                0x20000f80       0x50 ./Middlewares/Third_Party/FreeRTOS/Source/timers.o
 .bss.ucMaxSysCallPriority
                0x20000fd0        0x1 ./Middlewares/Third_Party/FreeRTOS/Source/portable/GCC/ARM_CM4F/port.o
 *fill*         0x20000fd1        0x3 
 .bss.ulMaxPRIGROUPValue
                0x20000fd4        0x4 ./Middlewares/Third_Party/FreeRTOS/Source/portable/GCC/ARM_CM4F/port.o
 .bss.ucHeap    0x20000fd8     0x157c ./Middlewares/Third_Party/FreeRTOS/Source/portable/MemMang/heap_4.o
 .bss.xStart    0x20002554        0x8 ./Middlewares/Third_Party/FreeRTOS/Source/portable/MemMang/heap_4.o
 .bss.pxEnd     0x2000255c        0x4 ./Middlewares/Third_Party/FreeRTOS/Source/portable/MemMang/heap_4.o
 .bss.xFreeBytesRemaining
                0x20002560        0x4 ./Middlewares/Third_Party/FreeRTOS/Source/portable/MemMang/heap_4.o
 .bss.xMinimumEverFreeBytesRemaining
                0x20002564        0x4 ./Middlewares/Third_Party/FreeRTOS/Source/portable/MemMang/heap_4.o
 .bss.xBlockAllocatedBit
                0x20002568        0x4 ./Middlewares/Third_Party/FreeRTOS/Source/portable/MemMang/heap_4.o
 *(COMMON)
                0x2000256c                        . = ALIGN (0x4)
                0x2000256c                        _ebss = .
                0x2000256c                        __bss_end__ = _ebss

._user_heap_stack
                0x2000256c      0x604
                0x20002570                        . = ALIGN (0x8)
 *fill*         0x2000256c        0x4 
                [!provide]                        PROVIDE (end = .)
                0x20002570                        PROVIDE (_end = .)
                0x20002770                        . = (. + _Min_Heap_Size)
 *fill*         0x20002570      0x200 
                0x20002b70                        . = (. + _Min_Stack_Size)
 *fill*         0x20002770      0x400 
                0x20002b70                        . = ALIGN (0x8)

/DISCARD/
 libc.a(*)
 libm.a(*)
 libgcc.a(*)

.ARM.attributes
                0x00000000       0x30
 *(.ARM.attributes)
 .ARM.attributes
                0x00000000       0x22 C:/Users/BaoThuan/STM32CubeIDE_1.12.1/STM32CubeIDE/plugins/com.st.stm32cube.ide.mcu.externaltools.gnu-tools-for-stm32.12.3.rel1.win32_1.0.100.202403111256/tools/bin/../lib/gcc/arm-none-eabi/12.3.1/thumb/v7e-m+fp/hard/crti.o
 .ARM.attributes
                0x00000022       0x34 C:/Users/BaoThuan/STM32CubeIDE_1.12.1/STM32CubeIDE/plugins/com.st.stm32cube.ide.mcu.externaltools.gnu-tools-for-stm32.12.3.rel1.win32_1.0.100.202403111256/tools/bin/../lib/gcc/arm-none-eabi/12.3.1/thumb/v7e-m+fp/hard/crtbegin.o
 .ARM.attributes
                0x00000056       0x34 ./0_app/task_GPIO.o
 .ARM.attributes
                0x0000008a       0x34 ./0_app/task_can.o
 .ARM.attributes
                0x000000be       0x34 ./0_app/task_enc.o
 .ARM.attributes
                0x000000f2       0x34 ./0_app/task_motorCtr.o
 .ARM.attributes
                0x00000126       0x34 ./0_app/task_pid.o
 .ARM.attributes
                0x0000015a       0x34 ./0_app/task_reLog.o
 .ARM.attributes
                0x0000018e       0x34 ./1_driver_SmartPID_V3/lib_encoder.o
 .ARM.attributes
                0x000001c2       0x34 ./1_driver_SmartPID_V3/motor_control.o
 .ARM.attributes
                0x000001f6       0x34 ./1_driver_SmartPID_V3/moving_average_int_16.o
 .ARM.attributes
                0x0000022a       0x34 ./1_driver_SmartPID_V3/pid.o
 .ARM.attributes
                0x0000025e       0x34 ./Core/Src/can.o
 .ARM.attributes
                0x00000292       0x34 ./Core/Src/freertos.o
 .ARM.attributes
                0x000002c6       0x34 ./Core/Src/gpio.o
 .ARM.attributes
                0x000002fa       0x34 ./Core/Src/main.o
 .ARM.attributes
                0x0000032e       0x34 ./Core/Src/stm32f3xx_hal_msp.o
 .ARM.attributes
                0x00000362       0x34 ./Core/Src/stm32f3xx_hal_timebase_tim.o
 .ARM.attributes
                0x00000396       0x34 ./Core/Src/stm32f3xx_it.o
 .ARM.attributes
                0x000003ca       0x34 ./Core/Src/system_stm32f3xx.o
 .ARM.attributes
                0x000003fe       0x34 ./Core/Src/tim.o
 .ARM.attributes
                0x00000432       0x21 ./Core/Startup/startup_stm32f303cbtx.o
 .ARM.attributes
                0x00000453       0x34 ./Drivers/STM32F3xx_HAL_Driver/Src/stm32f3xx_hal.o
 .ARM.attributes
                0x00000487       0x34 ./Drivers/STM32F3xx_HAL_Driver/Src/stm32f3xx_hal_can.o
 .ARM.attributes
                0x000004bb       0x34 ./Drivers/STM32F3xx_HAL_Driver/Src/stm32f3xx_hal_cortex.o
 .ARM.attributes
                0x000004ef       0x34 ./Drivers/STM32F3xx_HAL_Driver/Src/stm32f3xx_hal_gpio.o
 .ARM.attributes
                0x00000523       0x34 ./Drivers/STM32F3xx_HAL_Driver/Src/stm32f3xx_hal_rcc.o
 .ARM.attributes
                0x00000557       0x34 ./Drivers/STM32F3xx_HAL_Driver/Src/stm32f3xx_hal_tim.o
 .ARM.attributes
                0x0000058b       0x34 ./Drivers/STM32F3xx_HAL_Driver/Src/stm32f3xx_hal_tim_ex.o
 .ARM.attributes
                0x000005bf       0x34 ./Middlewares/Third_Party/FreeRTOS/Source/CMSIS_RTOS_V2/cmsis_os2.o
 .ARM.attributes
                0x000005f3       0x34 ./Middlewares/Third_Party/FreeRTOS/Source/list.o
 .ARM.attributes
                0x00000627       0x34 ./Middlewares/Third_Party/FreeRTOS/Source/queue.o
 .ARM.attributes
                0x0000065b       0x34 ./Middlewares/Third_Party/FreeRTOS/Source/tasks.o
 .ARM.attributes
                0x0000068f       0x34 ./Middlewares/Third_Party/FreeRTOS/Source/timers.o
 .ARM.attributes
                0x000006c3       0x34 ./Middlewares/Third_Party/FreeRTOS/Source/portable/GCC/ARM_CM4F/port.o
 .ARM.attributes
                0x000006f7       0x34 ./Middlewares/Third_Party/FreeRTOS/Source/portable/MemMang/heap_4.o
 .ARM.attributes
                0x0000072b       0x34 C:/Users/BaoThuan/STM32CubeIDE_1.12.1/STM32CubeIDE/plugins/com.st.stm32cube.ide.mcu.externaltools.gnu-tools-for-stm32.12.3.rel1.win32_1.0.100.202403111256/tools/bin/../lib/gcc/arm-none-eabi/12.3.1/../../../../arm-none-eabi/lib/thumb/v7e-m+fp/hard\libc_nano.a(libc_a-memset.o)
 .ARM.attributes
                0x0000075f       0x34 C:/Users/BaoThuan/STM32CubeIDE_1.12.1/STM32CubeIDE/plugins/com.st.stm32cube.ide.mcu.externaltools.gnu-tools-for-stm32.12.3.rel1.win32_1.0.100.202403111256/tools/bin/../lib/gcc/arm-none-eabi/12.3.1/../../../../arm-none-eabi/lib/thumb/v7e-m+fp/hard\libc_nano.a(libc_a-init.o)
 .ARM.attributes
                0x00000793       0x34 C:/Users/BaoThuan/STM32CubeIDE_1.12.1/STM32CubeIDE/plugins/com.st.stm32cube.ide.mcu.externaltools.gnu-tools-for-stm32.12.3.rel1.win32_1.0.100.202403111256/tools/bin/../lib/gcc/arm-none-eabi/12.3.1/../../../../arm-none-eabi/lib/thumb/v7e-m+fp/hard\libc_nano.a(libc_a-memcpy-stub.o)
 .ARM.attributes
                0x000007c7       0x22 C:/Users/BaoThuan/STM32CubeIDE_1.12.1/STM32CubeIDE/plugins/com.st.stm32cube.ide.mcu.externaltools.gnu-tools-for-stm32.12.3.rel1.win32_1.0.100.202403111256/tools/bin/../lib/gcc/arm-none-eabi/12.3.1/thumb/v7e-m+fp/hard/crtn.o
OUTPUT(projstm32f303cbt6.elf elf32-littlearm)
LOAD linker stubs
LOAD C:/Users/BaoThuan/STM32CubeIDE_1.12.1/STM32CubeIDE/plugins/com.st.stm32cube.ide.mcu.externaltools.gnu-tools-for-stm32.12.3.rel1.win32_1.0.100.202403111256/tools/bin/../lib/gcc/arm-none-eabi/12.3.1/../../../../arm-none-eabi/lib/thumb/v7e-m+fp/hard\libc.a
LOAD C:/Users/BaoThuan/STM32CubeIDE_1.12.1/STM32CubeIDE/plugins/com.st.stm32cube.ide.mcu.externaltools.gnu-tools-for-stm32.12.3.rel1.win32_1.0.100.202403111256/tools/bin/../lib/gcc/arm-none-eabi/12.3.1/../../../../arm-none-eabi/lib/thumb/v7e-m+fp/hard\libm.a
LOAD C:/Users/BaoThuan/STM32CubeIDE_1.12.1/STM32CubeIDE/plugins/com.st.stm32cube.ide.mcu.externaltools.gnu-tools-for-stm32.12.3.rel1.win32_1.0.100.202403111256/tools/bin/../lib/gcc/arm-none-eabi/12.3.1/thumb/v7e-m+fp/hard\libgcc.a

.debug_info     0x00000000    0x19279
 .debug_info    0x00000000      0x551 ./0_app/task_GPIO.o
 .debug_info    0x00000551       0x84 ./0_app/task_can.o
 .debug_info    0x000005d5      0x946 ./0_app/task_enc.o
 .debug_info    0x00000f1b      0xa47 ./0_app/task_motorCtr.o
 .debug_info    0x00001962      0xb27 ./0_app/task_pid.o
 .debug_info    0x00002489      0x157 ./0_app/task_reLog.o
 .debug_info    0x000025e0      0x851 ./1_driver_SmartPID_V3/lib_encoder.o
 .debug_info    0x00002e31      0x89d ./1_driver_SmartPID_V3/motor_control.o
 .debug_info    0x000036ce      0x190 ./1_driver_SmartPID_V3/moving_average_int_16.o
 .debug_info    0x0000385e      0x291 ./1_driver_SmartPID_V3/pid.o
 .debug_info    0x00003aef      0x77f ./Core/Src/can.o
 .debug_info    0x0000426e      0x60a ./Core/Src/freertos.o
 .debug_info    0x00004878      0x558 ./Core/Src/gpio.o
 .debug_info    0x00004dd0      0xb9b ./Core/Src/main.o
 .debug_info    0x0000596b      0x395 ./Core/Src/stm32f3xx_hal_msp.o
 .debug_info    0x00005d00      0xa92 ./Core/Src/stm32f3xx_hal_timebase_tim.o
 .debug_info    0x00006792      0x6ef ./Core/Src/stm32f3xx_it.o
 .debug_info    0x00006e81      0x407 ./Core/Src/system_stm32f3xx.o
 .debug_info    0x00007288      0xd2f ./Core/Src/tim.o
 .debug_info    0x00007fb7       0x30 ./Core/Startup/startup_stm32f303cbtx.o
 .debug_info    0x00007fe7      0x7d4 ./Drivers/STM32F3xx_HAL_Driver/Src/stm32f3xx_hal.o
 .debug_info    0x000087bb      0xf12 ./Drivers/STM32F3xx_HAL_Driver/Src/stm32f3xx_hal_can.o
 .debug_info    0x000096cd      0xce4 ./Drivers/STM32F3xx_HAL_Driver/Src/stm32f3xx_hal_cortex.o
 .debug_info    0x0000a3b1      0x5fe ./Drivers/STM32F3xx_HAL_Driver/Src/stm32f3xx_hal_gpio.o
 .debug_info    0x0000a9af     0x148a ./Drivers/STM32F3xx_HAL_Driver/Src/stm32f3xx_hal_rcc.o
 .debug_info    0x0000be39     0x2a70 ./Drivers/STM32F3xx_HAL_Driver/Src/stm32f3xx_hal_tim.o
 .debug_info    0x0000e8a9     0x156d ./Drivers/STM32F3xx_HAL_Driver/Src/stm32f3xx_hal_tim_ex.o
 .debug_info    0x0000fe16     0x39bf ./Middlewares/Third_Party/FreeRTOS/Source/CMSIS_RTOS_V2/cmsis_os2.o
 .debug_info    0x000137d5      0x2aa ./Middlewares/Third_Party/FreeRTOS/Source/list.o
 .debug_info    0x00013a7f     0x1abf ./Middlewares/Third_Party/FreeRTOS/Source/queue.o
 .debug_info    0x0001553e     0x20e5 ./Middlewares/Third_Party/FreeRTOS/Source/tasks.o
 .debug_info    0x00017623     0x13b5 ./Middlewares/Third_Party/FreeRTOS/Source/timers.o
 .debug_info    0x000189d8      0x4de ./Middlewares/Third_Party/FreeRTOS/Source/portable/GCC/ARM_CM4F/port.o
 .debug_info    0x00018eb6      0x3c3 ./Middlewares/Third_Party/FreeRTOS/Source/portable/MemMang/heap_4.o

.debug_abbrev   0x00000000     0x4312
 .debug_abbrev  0x00000000      0x1f7 ./0_app/task_GPIO.o
 .debug_abbrev  0x000001f7       0x8a ./0_app/task_can.o
 .debug_abbrev  0x00000281      0x1fe ./0_app/task_enc.o
 .debug_abbrev  0x0000047f      0x1e7 ./0_app/task_motorCtr.o
 .debug_abbrev  0x00000666      0x1f3 ./0_app/task_pid.o
 .debug_abbrev  0x00000859       0xdb ./0_app/task_reLog.o
 .debug_abbrev  0x00000934      0x1c0 ./1_driver_SmartPID_V3/lib_encoder.o
 .debug_abbrev  0x00000af4      0x1b0 ./1_driver_SmartPID_V3/motor_control.o
 .debug_abbrev  0x00000ca4       0xec ./1_driver_SmartPID_V3/moving_average_int_16.o
 .debug_abbrev  0x00000d90      0x104 ./1_driver_SmartPID_V3/pid.o
 .debug_abbrev  0x00000e94      0x1ff ./Core/Src/can.o
 .debug_abbrev  0x00001093      0x140 ./Core/Src/freertos.o
 .debug_abbrev  0x000011d3      0x15a ./Core/Src/gpio.o
 .debug_abbrev  0x0000132d      0x262 ./Core/Src/main.o
 .debug_abbrev  0x0000158f      0x107 ./Core/Src/stm32f3xx_hal_msp.o
 .debug_abbrev  0x00001696      0x1f4 ./Core/Src/stm32f3xx_hal_timebase_tim.o
 .debug_abbrev  0x0000188a      0x17f ./Core/Src/stm32f3xx_it.o
 .debug_abbrev  0x00001a09      0x11a ./Core/Src/system_stm32f3xx.o
 .debug_abbrev  0x00001b23      0x282 ./Core/Src/tim.o
 .debug_abbrev  0x00001da5       0x24 ./Core/Startup/startup_stm32f303cbtx.o
 .debug_abbrev  0x00001dc9      0x215 ./Drivers/STM32F3xx_HAL_Driver/Src/stm32f3xx_hal.o
 .debug_abbrev  0x00001fde      0x22d ./Drivers/STM32F3xx_HAL_Driver/Src/stm32f3xx_hal_can.o
 .debug_abbrev  0x0000220b      0x31e ./Drivers/STM32F3xx_HAL_Driver/Src/stm32f3xx_hal_cortex.o
 .debug_abbrev  0x00002529      0x1ca ./Drivers/STM32F3xx_HAL_Driver/Src/stm32f3xx_hal_gpio.o
 .debug_abbrev  0x000026f3      0x300 ./Drivers/STM32F3xx_HAL_Driver/Src/stm32f3xx_hal_rcc.o
 .debug_abbrev  0x000029f3      0x278 ./Drivers/STM32F3xx_HAL_Driver/Src/stm32f3xx_hal_tim.o
 .debug_abbrev  0x00002c6b      0x283 ./Drivers/STM32F3xx_HAL_Driver/Src/stm32f3xx_hal_tim_ex.o
 .debug_abbrev  0x00002eee      0x433 ./Middlewares/Third_Party/FreeRTOS/Source/CMSIS_RTOS_V2/cmsis_os2.o
 .debug_abbrev  0x00003321       0xf5 ./Middlewares/Third_Party/FreeRTOS/Source/list.o
 .debug_abbrev  0x00003416      0x3ce ./Middlewares/Third_Party/FreeRTOS/Source/queue.o
 .debug_abbrev  0x000037e4      0x385 ./Middlewares/Third_Party/FreeRTOS/Source/tasks.o
 .debug_abbrev  0x00003b69      0x348 ./Middlewares/Third_Party/FreeRTOS/Source/timers.o
 .debug_abbrev  0x00003eb1      0x25c ./Middlewares/Third_Party/FreeRTOS/Source/portable/GCC/ARM_CM4F/port.o
 .debug_abbrev  0x0000410d      0x205 ./Middlewares/Third_Party/FreeRTOS/Source/portable/MemMang/heap_4.o

.debug_aranges  0x00000000     0x1468
 .debug_aranges
                0x00000000       0x28 ./0_app/task_GPIO.o
 .debug_aranges
                0x00000028       0x20 ./0_app/task_can.o
 .debug_aranges
                0x00000048       0x20 ./0_app/task_enc.o
 .debug_aranges
                0x00000068       0x20 ./0_app/task_motorCtr.o
 .debug_aranges
                0x00000088       0x20 ./0_app/task_pid.o
 .debug_aranges
                0x000000a8       0x20 ./0_app/task_reLog.o
 .debug_aranges
                0x000000c8       0x38 ./1_driver_SmartPID_V3/lib_encoder.o
 .debug_aranges
                0x00000100       0x28 ./1_driver_SmartPID_V3/motor_control.o
 .debug_aranges
                0x00000128       0x28 ./1_driver_SmartPID_V3/moving_average_int_16.o
 .debug_aranges
                0x00000150       0x38 ./1_driver_SmartPID_V3/pid.o
 .debug_aranges
                0x00000188       0x30 ./Core/Src/can.o
 .debug_aranges
                0x000001b8       0x20 ./Core/Src/freertos.o
 .debug_aranges
                0x000001d8       0x20 ./Core/Src/gpio.o
 .debug_aranges
                0x000001f8       0x40 ./Core/Src/main.o
 .debug_aranges
                0x00000238       0x20 ./Core/Src/stm32f3xx_hal_msp.o
 .debug_aranges
                0x00000258       0x30 ./Core/Src/stm32f3xx_hal_timebase_tim.o
 .debug_aranges
                0x00000288       0x58 ./Core/Src/stm32f3xx_it.o
 .debug_aranges
                0x000002e0       0x28 ./Core/Src/system_stm32f3xx.o
 .debug_aranges
                0x00000308       0x58 ./Core/Src/tim.o
 .debug_aranges
                0x00000360       0x28 ./Core/Startup/startup_stm32f303cbtx.o
 .debug_aranges
                0x00000388       0xe0 ./Drivers/STM32F3xx_HAL_Driver/Src/stm32f3xx_hal.o
 .debug_aranges
                0x00000468      0x138 ./Drivers/STM32F3xx_HAL_Driver/Src/stm32f3xx_hal_can.o
 .debug_aranges
                0x000005a0      0x128 ./Drivers/STM32F3xx_HAL_Driver/Src/stm32f3xx_hal_cortex.o
 .debug_aranges
                0x000006c8       0x58 ./Drivers/STM32F3xx_HAL_Driver/Src/stm32f3xx_hal_gpio.o
 .debug_aranges
                0x00000720       0x88 ./Drivers/STM32F3xx_HAL_Driver/Src/stm32f3xx_hal_rcc.o
 .debug_aranges
                0x000007a8      0x3e0 ./Drivers/STM32F3xx_HAL_Driver/Src/stm32f3xx_hal_tim.o
 .debug_aranges
                0x00000b88      0x178 ./Drivers/STM32F3xx_HAL_Driver/Src/stm32f3xx_hal_tim_ex.o
 .debug_aranges
                0x00000d00      0x228 ./Middlewares/Third_Party/FreeRTOS/Source/CMSIS_RTOS_V2/cmsis_os2.o
 .debug_aranges
                0x00000f28       0x40 ./Middlewares/Third_Party/FreeRTOS/Source/list.o
 .debug_aranges
                0x00000f68      0x158 ./Middlewares/Third_Party/FreeRTOS/Source/queue.o
 .debug_aranges
                0x000010c0      0x1f8 ./Middlewares/Third_Party/FreeRTOS/Source/tasks.o
 .debug_aranges
                0x000012b8       0xe0 ./Middlewares/Third_Party/FreeRTOS/Source/timers.o
 .debug_aranges
                0x00001398       0x80 ./Middlewares/Third_Party/FreeRTOS/Source/portable/GCC/ARM_CM4F/port.o
 .debug_aranges
                0x00001418       0x50 ./Middlewares/Third_Party/FreeRTOS/Source/portable/MemMang/heap_4.o

.debug_rnglists
                0x00000000      0xf81
 .debug_rnglists
                0x00000000       0x1b ./0_app/task_GPIO.o
 .debug_rnglists
                0x0000001b       0x13 ./0_app/task_can.o
 .debug_rnglists
                0x0000002e       0x14 ./0_app/task_enc.o
 .debug_rnglists
                0x00000042       0x14 ./0_app/task_motorCtr.o
 .debug_rnglists
                0x00000056       0x14 ./0_app/task_pid.o
 .debug_rnglists
                0x0000006a       0x13 ./0_app/task_reLog.o
 .debug_rnglists
                0x0000007d       0x27 ./1_driver_SmartPID_V3/lib_encoder.o
 .debug_rnglists
                0x000000a4       0x1a ./1_driver_SmartPID_V3/motor_control.o
 .debug_rnglists
                0x000000be       0x1a ./1_driver_SmartPID_V3/moving_average_int_16.o
 .debug_rnglists
                0x000000d8       0x28 ./1_driver_SmartPID_V3/pid.o
 .debug_rnglists
                0x00000100       0x20 ./Core/Src/can.o
 .debug_rnglists
                0x00000120       0x14 ./Core/Src/freertos.o
 .debug_rnglists
                0x00000134       0x14 ./Core/Src/gpio.o
 .debug_rnglists
                0x00000148       0x2d ./Core/Src/main.o
 .debug_rnglists
                0x00000175       0x13 ./Core/Src/stm32f3xx_hal_msp.o
 .debug_rnglists
                0x00000188       0x20 ./Core/Src/stm32f3xx_hal_timebase_tim.o
 .debug_rnglists
                0x000001a8       0x3d ./Core/Src/stm32f3xx_it.o
 .debug_rnglists
                0x000001e5       0x1a ./Core/Src/system_stm32f3xx.o
 .debug_rnglists
                0x000001ff       0x41 ./Core/Src/tim.o
 .debug_rnglists
                0x00000240       0x19 ./Core/Startup/startup_stm32f303cbtx.o
 .debug_rnglists
                0x00000259       0xa3 ./Drivers/STM32F3xx_HAL_Driver/Src/stm32f3xx_hal.o
 .debug_rnglists
                0x000002fc       0xee ./Drivers/STM32F3xx_HAL_Driver/Src/stm32f3xx_hal_can.o
 .debug_rnglists
                0x000003ea       0xda ./Drivers/STM32F3xx_HAL_Driver/Src/stm32f3xx_hal_cortex.o
 .debug_rnglists
                0x000004c4       0x3f ./Drivers/STM32F3xx_HAL_Driver/Src/stm32f3xx_hal_gpio.o
 .debug_rnglists
                0x00000503       0x66 ./Drivers/STM32F3xx_HAL_Driver/Src/stm32f3xx_hal_rcc.o
 .debug_rnglists
                0x00000569      0x328 ./Drivers/STM32F3xx_HAL_Driver/Src/stm32f3xx_hal_tim.o
 .debug_rnglists
                0x00000891      0x131 ./Drivers/STM32F3xx_HAL_Driver/Src/stm32f3xx_hal_tim_ex.o
 .debug_rnglists
                0x000009c2      0x1b4 ./Middlewares/Third_Party/FreeRTOS/Source/CMSIS_RTOS_V2/cmsis_os2.o
 .debug_rnglists
                0x00000b76       0x2b ./Middlewares/Third_Party/FreeRTOS/Source/list.o
 .debug_rnglists
                0x00000ba1      0x109 ./Middlewares/Third_Party/FreeRTOS/Source/queue.o
 .debug_rnglists
                0x00000caa      0x194 ./Middlewares/Third_Party/FreeRTOS/Source/tasks.o
 .debug_rnglists
                0x00000e3e       0xab ./Middlewares/Third_Party/FreeRTOS/Source/timers.o
 .debug_rnglists
                0x00000ee9       0x5d ./Middlewares/Third_Party/FreeRTOS/Source/portable/GCC/ARM_CM4F/port.o
 .debug_rnglists
                0x00000f46       0x3b ./Middlewares/Third_Party/FreeRTOS/Source/portable/MemMang/heap_4.o

.debug_macro    0x00000000    0x208dd
 .debug_macro   0x00000000      0x39d ./0_app/task_GPIO.o
 .debug_macro   0x0000039d       0x5b ./0_app/task_GPIO.o
 .debug_macro   0x000003f8       0x10 ./0_app/task_GPIO.o
 .debug_macro   0x00000408       0x74 ./0_app/task_GPIO.o
 .debug_macro   0x0000047c      0x122 ./0_app/task_GPIO.o
 .debug_macro   0x0000059e      0x15a ./0_app/task_GPIO.o
 .debug_macro   0x000006f8       0xc2 ./0_app/task_GPIO.o
 .debug_macro   0x000007ba       0x10 ./0_app/task_GPIO.o
 .debug_macro   0x000007ca       0x1f ./0_app/task_GPIO.o
 .debug_macro   0x000007e9      0x47f ./0_app/task_GPIO.o
 .debug_macro   0x00000c68       0xdd ./0_app/task_GPIO.o
 .debug_macro   0x00000d45       0x1c ./0_app/task_GPIO.o
 .debug_macro   0x00000d61      0x157 ./0_app/task_GPIO.o
 .debug_macro   0x00000eb8       0x2e ./0_app/task_GPIO.o
 .debug_macro   0x00000ee6       0x28 ./0_app/task_GPIO.o
 .debug_macro   0x00000f0e       0x1c ./0_app/task_GPIO.o
 .debug_macro   0x00000f2a       0x22 ./0_app/task_GPIO.o
 .debug_macro   0x00000f4c       0xd3 ./0_app/task_GPIO.o
 .debug_macro   0x0000101f     0x102d ./0_app/task_GPIO.o
 .debug_macro   0x0000204c      0x11f ./0_app/task_GPIO.o
 .debug_macro   0x0000216b    0x12a3a ./0_app/task_GPIO.o
 .debug_macro   0x00014ba5       0x6d ./0_app/task_GPIO.o
 .debug_macro   0x00014c12     0x3574 ./0_app/task_GPIO.o
 .debug_macro   0x00018186       0x55 ./0_app/task_GPIO.o
 .debug_macro   0x000181db      0x961 ./0_app/task_GPIO.o
 .debug_macro   0x00018b3c      0x5fe ./0_app/task_GPIO.o
 .debug_macro   0x0001913a      0x1b5 ./0_app/task_GPIO.o
 .debug_macro   0x000192ef      0x1fb ./0_app/task_GPIO.o
 .debug_macro   0x000194ea      0x1dc ./0_app/task_GPIO.o
 .debug_macro   0x000196c6      0x1bc ./0_app/task_GPIO.o
 .debug_macro   0x00019882       0x30 ./0_app/task_GPIO.o
 .debug_macro   0x000198b2       0x3c ./0_app/task_GPIO.o
 .debug_macro   0x000198ee      0x235 ./0_app/task_GPIO.o
 .debug_macro   0x00019b23      0x408 ./0_app/task_GPIO.o
 .debug_macro   0x00019f2b       0xc5 ./0_app/task_GPIO.o
 .debug_macro   0x00019ff0      0x21d ./0_app/task_GPIO.o
 .debug_macro   0x0001a20d      0x22c ./0_app/task_GPIO.o
 .debug_macro   0x0001a439       0x5b ./0_app/task_GPIO.o
 .debug_macro   0x0001a494       0xa5 ./0_app/task_GPIO.o
 .debug_macro   0x0001a539       0x81 ./0_app/task_GPIO.o
 .debug_macro   0x0001a5ba       0xd3 ./0_app/task_GPIO.o
 .debug_macro   0x0001a68d      0xa60 ./0_app/task_GPIO.o
 .debug_macro   0x0001b0ed       0x89 ./0_app/task_GPIO.o
 .debug_macro   0x0001b176      0x275 ./0_app/task_GPIO.o
 .debug_macro   0x0001b3eb       0x1c ./0_app/task_GPIO.o
 .debug_macro   0x0001b407       0x1c ./0_app/task_GPIO.o
 .debug_macro   0x0001b423       0x10 ./0_app/task_GPIO.o
 .debug_macro   0x0001b433       0x16 ./0_app/task_GPIO.o
 .debug_macro   0x0001b449       0x10 ./0_app/task_GPIO.o
 .debug_macro   0x0001b459       0x16 ./0_app/task_GPIO.o
 .debug_macro   0x0001b46f       0x16 ./0_app/task_GPIO.o
 .debug_macro   0x0001b485      0x146 ./0_app/task_GPIO.o
 .debug_macro   0x0001b5cb       0x76 ./0_app/task_GPIO.o
 .debug_macro   0x0001b641       0x8b ./0_app/task_GPIO.o
 .debug_macro   0x0001b6cc       0x16 ./0_app/task_GPIO.o
 .debug_macro   0x0001b6e2       0x11 ./0_app/task_can.o
 .debug_macro   0x0001b6f3      0x378 ./0_app/task_enc.o
 .debug_macro   0x0001ba6b       0xd9 ./0_app/task_enc.o
 .debug_macro   0x0001bb44      0x122 ./0_app/task_enc.o
 .debug_macro   0x0001bc66      0x378 ./0_app/task_motorCtr.o
 .debug_macro   0x0001bfde      0x37e ./0_app/task_pid.o
 .debug_macro   0x0001c35c       0x10 ./0_app/task_pid.o
 .debug_macro   0x0001c36c       0x10 ./0_app/task_pid.o
 .debug_macro   0x0001c37c      0x1c2 ./0_app/task_reLog.o
 .debug_macro   0x0001c53e      0x1d6 ./1_driver_SmartPID_V3/lib_encoder.o
 .debug_macro   0x0001c714      0x2fb ./1_driver_SmartPID_V3/motor_control.o
 .debug_macro   0x0001ca0f      0x14a ./1_driver_SmartPID_V3/moving_average_int_16.o
 .debug_macro   0x0001cb59       0x5b ./1_driver_SmartPID_V3/moving_average_int_16.o
 .debug_macro   0x0001cbb4       0x94 ./1_driver_SmartPID_V3/moving_average_int_16.o
 .debug_macro   0x0001cc48       0x57 ./1_driver_SmartPID_V3/moving_average_int_16.o
 .debug_macro   0x0001cc9f       0x9e ./1_driver_SmartPID_V3/moving_average_int_16.o
 .debug_macro   0x0001cd3d      0x10b ./1_driver_SmartPID_V3/moving_average_int_16.o
 .debug_macro   0x0001ce48      0x354 ./1_driver_SmartPID_V3/pid.o
 .debug_macro   0x0001d19c       0x16 ./1_driver_SmartPID_V3/pid.o
 .debug_macro   0x0001d1b2       0x16 ./1_driver_SmartPID_V3/pid.o
 .debug_macro   0x0001d1c8       0x29 ./1_driver_SmartPID_V3/pid.o
 .debug_macro   0x0001d1f1      0x2fb ./Core/Src/can.o
 .debug_macro   0x0001d4ec      0x37b ./Core/Src/freertos.o
 .debug_macro   0x0001d867       0xb5 ./Core/Src/freertos.o
 .debug_macro   0x0001d91c       0x8c ./Core/Src/freertos.o
 .debug_macro   0x0001d9a8      0x2fb ./Core/Src/gpio.o
 .debug_macro   0x0001dca3      0x382 ./Core/Src/main.o
 .debug_macro   0x0001e025      0x2f1 ./Core/Src/stm32f3xx_hal_msp.o
 .debug_macro   0x0001e316      0x1cd ./Core/Src/stm32f3xx_hal_timebase_tim.o
 .debug_macro   0x0001e4e3      0x2fb ./Core/Src/stm32f3xx_it.o
 .debug_macro   0x0001e7de      0x1cd ./Core/Src/system_stm32f3xx.o
 .debug_macro   0x0001e9ab      0x2fb ./Core/Src/tim.o
 .debug_macro   0x0001eca6      0x1f1 ./Drivers/STM32F3xx_HAL_Driver/Src/stm32f3xx_hal.o
 .debug_macro   0x0001ee97      0x1dc ./Drivers/STM32F3xx_HAL_Driver/Src/stm32f3xx_hal_can.o
 .debug_macro   0x0001f073      0x1cd ./Drivers/STM32F3xx_HAL_Driver/Src/stm32f3xx_hal_cortex.o
 .debug_macro   0x0001f240      0x1d4 ./Drivers/STM32F3xx_HAL_Driver/Src/stm32f3xx_hal_gpio.o
 .debug_macro   0x0001f414      0x1f1 ./Drivers/STM32F3xx_HAL_Driver/Src/stm32f3xx_hal_rcc.o
 .debug_macro   0x0001f605      0x1ce ./Drivers/STM32F3xx_HAL_Driver/Src/stm32f3xx_hal_tim.o
 .debug_macro   0x0001f7d3      0x1cd ./Drivers/STM32F3xx_HAL_Driver/Src/stm32f3xx_hal_tim_ex.o
 .debug_macro   0x0001f9a0      0x247 ./Middlewares/Third_Party/FreeRTOS/Source/CMSIS_RTOS_V2/cmsis_os2.o
 .debug_macro   0x0001fbe7       0x91 ./Middlewares/Third_Party/FreeRTOS/Source/CMSIS_RTOS_V2/cmsis_os2.o
 .debug_macro   0x0001fc78       0x8d ./Middlewares/Third_Party/FreeRTOS/Source/CMSIS_RTOS_V2/cmsis_os2.o
 .debug_macro   0x0001fd05       0x9a ./Middlewares/Third_Party/FreeRTOS/Source/CMSIS_RTOS_V2/cmsis_os2.o
 .debug_macro   0x0001fd9f      0x187 ./Middlewares/Third_Party/FreeRTOS/Source/list.o
 .debug_macro   0x0001ff26      0x212 ./Middlewares/Third_Party/FreeRTOS/Source/queue.o
 .debug_macro   0x00020138      0x287 ./Middlewares/Third_Party/FreeRTOS/Source/tasks.o
 .debug_macro   0x000203bf       0x10 ./Middlewares/Third_Party/FreeRTOS/Source/tasks.o
 .debug_macro   0x000203cf      0x1ca ./Middlewares/Third_Party/FreeRTOS/Source/timers.o
 .debug_macro   0x00020599      0x196 ./Middlewares/Third_Party/FreeRTOS/Source/portable/GCC/ARM_CM4F/port.o
 .debug_macro   0x0002072f      0x1ae ./Middlewares/Third_Party/FreeRTOS/Source/portable/MemMang/heap_4.o

.debug_line     0x00000000    0x1ff28
 .debug_line    0x00000000      0xe17 ./0_app/task_GPIO.o
 .debug_line    0x00000e17       0x53 ./0_app/task_can.o
 .debug_line    0x00000e6a      0xcd4 ./0_app/task_enc.o
 .debug_line    0x00001b3e      0xd0f ./0_app/task_motorCtr.o
 .debug_line    0x0000284d      0xcde ./0_app/task_pid.o
 .debug_line    0x0000352b      0x8e3 ./0_app/task_reLog.o
 .debug_line    0x00003e0e      0x960 ./1_driver_SmartPID_V3/lib_encoder.o
 .debug_line    0x0000476e      0xc2b ./1_driver_SmartPID_V3/motor_control.o
 .debug_line    0x00005399      0x80c ./1_driver_SmartPID_V3/moving_average_int_16.o
 .debug_line    0x00005ba5      0xc78 ./1_driver_SmartPID_V3/pid.o
 .debug_line    0x0000681d      0xb70 ./Core/Src/can.o
 .debug_line    0x0000738d      0xc99 ./Core/Src/freertos.o
 .debug_line    0x00008026      0xb2c ./Core/Src/gpio.o
 .debug_line    0x00008b52      0xd54 ./Core/Src/main.o
 .debug_line    0x000098a6      0xb03 ./Core/Src/stm32f3xx_hal_msp.o
 .debug_line    0x0000a3a9      0x882 ./Core/Src/stm32f3xx_hal_timebase_tim.o
 .debug_line    0x0000ac2b      0xbb9 ./Core/Src/stm32f3xx_it.o
 .debug_line    0x0000b7e4      0x88e ./Core/Src/system_stm32f3xx.o
 .debug_line    0x0000c072      0xcf6 ./Core/Src/tim.o
 .debug_line    0x0000cd68       0x7a ./Core/Startup/startup_stm32f303cbtx.o
 .debug_line    0x0000cde2      0xac6 ./Drivers/STM32F3xx_HAL_Driver/Src/stm32f3xx_hal.o
 .debug_line    0x0000d8a8     0x12a0 ./Drivers/STM32F3xx_HAL_Driver/Src/stm32f3xx_hal_can.o
 .debug_line    0x0000eb48      0xdb3 ./Drivers/STM32F3xx_HAL_Driver/Src/stm32f3xx_hal_cortex.o
 .debug_line    0x0000f8fb      0xc3d ./Drivers/STM32F3xx_HAL_Driver/Src/stm32f3xx_hal_gpio.o
 .debug_line    0x00010538     0x145a ./Drivers/STM32F3xx_HAL_Driver/Src/stm32f3xx_hal_rcc.o
 .debug_line    0x00011992     0x3ebe ./Drivers/STM32F3xx_HAL_Driver/Src/stm32f3xx_hal_tim.o
 .debug_line    0x00015850     0x1ba0 ./Drivers/STM32F3xx_HAL_Driver/Src/stm32f3xx_hal_tim_ex.o
 .debug_line    0x000173f0     0x2683 ./Middlewares/Third_Party/FreeRTOS/Source/CMSIS_RTOS_V2/cmsis_os2.o
 .debug_line    0x00019a73      0x948 ./Middlewares/Third_Party/FreeRTOS/Source/list.o
 .debug_line    0x0001a3bb     0x190b ./Middlewares/Third_Party/FreeRTOS/Source/queue.o
 .debug_line    0x0001bcc6     0x1f80 ./Middlewares/Third_Party/FreeRTOS/Source/tasks.o
 .debug_line    0x0001dc46      0xee5 ./Middlewares/Third_Party/FreeRTOS/Source/timers.o
 .debug_line    0x0001eb2b      0x8f0 ./Middlewares/Third_Party/FreeRTOS/Source/portable/GCC/ARM_CM4F/port.o
 .debug_line    0x0001f41b      0xb0d ./Middlewares/Third_Party/FreeRTOS/Source/portable/MemMang/heap_4.o

.debug_str      0x00000000    0xbf841
 .debug_str     0x00000000    0xb51e2 ./0_app/task_GPIO.o
                              0xb58f5 (size before relaxing)
 .debug_str     0x000b51e2       0x23 ./0_app/task_can.o
                               0x2e0e (size before relaxing)
 .debug_str     0x000b5205      0x63e ./0_app/task_enc.o
                              0xb5ca8 (size before relaxing)
 .debug_str     0x000b5843      0x163 ./0_app/task_motorCtr.o
                              0xb5d2e (size before relaxing)
 .debug_str     0x000b59a6      0x16e ./0_app/task_pid.o
                              0xb5db5 (size before relaxing)
 .debug_str     0x000b5b14       0x52 ./0_app/task_reLog.o
                               0xa9af (size before relaxing)
 .debug_str     0x000b5b66      0x118 ./1_driver_SmartPID_V3/lib_encoder.o
                              0xae708 (size before relaxing)
 .debug_str     0x000b5c7e       0x77 ./1_driver_SmartPID_V3/motor_control.o
                              0xb24b1 (size before relaxing)
 .debug_str     0x000b5cf5       0x36 ./1_driver_SmartPID_V3/moving_average_int_16.o
                               0x7869 (size before relaxing)
 .debug_str     0x000b5d2b      0x29e ./1_driver_SmartPID_V3/pid.o
                              0xb214b (size before relaxing)
 .debug_str     0x000b5fc9      0x362 ./Core/Src/can.o
                              0xb2254 (size before relaxing)
 .debug_str     0x000b632b     0x1396 ./Core/Src/freertos.o
                              0xb6985 (size before relaxing)
 .debug_str     0x000b76c1      0x373 ./Core/Src/gpio.o
                              0xb23d0 (size before relaxing)
 .debug_str     0x000b7a34      0x247 ./Core/Src/main.o
                              0xb5ebb (size before relaxing)
 .debug_str     0x000b7c7b       0x2c ./Core/Src/stm32f3xx_hal_msp.o
                              0xb22f2 (size before relaxing)
 .debug_str     0x000b7ca7       0xf8 ./Core/Src/stm32f3xx_hal_timebase_tim.o
                              0xaeb46 (size before relaxing)
 .debug_str     0x000b7d9f       0xd3 ./Core/Src/stm32f3xx_it.o
                              0xb241d (size before relaxing)
 .debug_str     0x000b7e72       0xdf ./Core/Src/system_stm32f3xx.o
                              0xae153 (size before relaxing)
 .debug_str     0x000b7f51      0x2d2 ./Core/Src/tim.o
                              0xb2791 (size before relaxing)
 .debug_str     0x000b8223       0x44 ./Core/Startup/startup_stm32f303cbtx.o
                                 0x77 (size before relaxing)
 .debug_str     0x000b8267      0x35d ./Drivers/STM32F3xx_HAL_Driver/Src/stm32f3xx_hal.o
                              0xae991 (size before relaxing)
 .debug_str     0x000b85c4      0x584 ./Drivers/STM32F3xx_HAL_Driver/Src/stm32f3xx_hal_can.o